[    0.000000] Initializing cgroup subsys cpuset
[    0.000000] Initializing cgroup subsys cpu
[    0.000000] Initializing cgroup subsys cpuacct
[    0.000000] Linux version 3.19.0-49-generic (buildd@lgw01-08) (gcc version 4.8.2 (Ubuntu 4.8.2-19ubuntu1) ) #55~14.04.1-Ubuntu SMP Fri Jan 22 11:24:31 UTC 2016 (Ubuntu 3.19.0-49.55~14.04.1-generic 3.19.8-ckt12)
[    0.000000] Command line: BOOT_IMAGE=/boot/vmlinuz-3.19.0-49-generic.efi.signed root=UUID=57cd402f-2c5c-43d4-8ab6-70e254f9d77d ro quiet splash vt.handoff=7
[    0.000000] KERNEL supported cpus:
[    0.000000]   Intel GenuineIntel
[    0.000000]   AMD AuthenticAMD
[    0.000000]   Centaur CentaurHauls
[    0.000000] e820: BIOS-provided physical RAM map:
[    0.000000] BIOS-e820: [mem 0x0000000000000000-0x000000000006efff] usable
[    0.000000] BIOS-e820: [mem 0x000000000006f000-0x000000000006ffff] reserved
[    0.000000] BIOS-e820: [mem 0x0000000000070000-0x0000000000087fff] usable
[    0.000000] BIOS-e820: [mem 0x0000000000088000-0x00000000000bffff] reserved
[    0.000000] BIOS-e820: [mem 0x0000000000100000-0x000000009249efff] usable
[    0.000000] BIOS-e820: [mem 0x000000009249f000-0x000000009269efff] type 20
[    0.000000] BIOS-e820: [mem 0x000000009269f000-0x0000000092eaefff] reserved
[    0.000000] BIOS-e820: [mem 0x0000000092eaf000-0x0000000092faefff] ACPI NVS
[    0.000000] BIOS-e820: [mem 0x0000000092faf000-0x0000000092ffefff] ACPI data
[    0.000000] BIOS-e820: [mem 0x0000000092fff000-0x0000000092ffffff] usable
[    0.000000] BIOS-e820: [mem 0x0000000093000000-0x000000009f9fffff] reserved
[    0.000000] BIOS-e820: [mem 0x00000000e0000000-0x00000000efffffff] reserved
[    0.000000] BIOS-e820: [mem 0x00000000fe101000-0x00000000fe112fff] reserved
[    0.000000] BIOS-e820: [mem 0x00000000feb00000-0x00000000feb0ffff] reserved
[    0.000000] BIOS-e820: [mem 0x00000000fec00000-0x00000000fec00fff] reserved
[    0.000000] BIOS-e820: [mem 0x00000000fed00000-0x00000000fee00fff] reserved
[    0.000000] BIOS-e820: [mem 0x00000000ffc00000-0x00000000ffffffff] reserved
[    0.000000] BIOS-e820: [mem 0x0000000100000000-0x000000015f5fffff] usable
[    0.000000] NX (Execute Disable) protection: active
[    0.000000] efi: EFI v2.31 by INSYDE Corp.
[    0.000000] efi:  ACPI=0x92ffe000  ACPI 2.0=0x92ffe014  SMBIOS=0x92eaef98 
[    0.000000] SMBIOS 2.7 present.
[    0.000000] DMI: Hewlett-Packard HP Pavilion 15 Notebook PC/2166, BIOS F.23 09/26/2013
[    0.000000] e820: update [mem 0x00000000-0x00000fff] usable ==> reserved
[    0.000000] e820: remove [mem 0x000a0000-0x000fffff] usable
[    0.000000] AGP: No AGP bridge found
[    0.000000] e820: last_pfn = 0x15f600 max_arch_pfn = 0x400000000
[    0.000000] MTRR default type: uncachable
[    0.000000] MTRR fixed ranges enabled:
[    0.000000]   00000-9FFFF write-back
[    0.000000]   A0000-BFFFF uncachable
[    0.000000]   C0000-E7FFF write-protect
[    0.000000]   E8000-EFFFF write-combining
[    0.000000]   F0000-FFFFF write-protect
[    0.000000] MTRR variable ranges enabled:
[    0.000000]   0 base 0000000000 mask 7F80000000 write-back
[    0.000000]   1 base 0080000000 mask 7FF0000000 write-back
[    0.000000]   2 base 0090000000 mask 7FFE000000 write-back
[    0.000000]   3 base 0092000000 mask 7FFF000000 write-back
[    0.000000]   4 base 00FFC00000 mask 7FFFC00000 write-protect
[    0.000000]   5 base 0100000000 mask 7F80000000 write-back
[    0.000000]   6 base 015F600000 mask 7FFFE00000 uncachable
[    0.000000]   7 base 015F800000 mask 7FFF800000 uncachable
[    0.000000]   8 base 0160000000 mask 7FE0000000 uncachable
[    0.000000]   9 disabled
[    0.000000] PAT configuration [0-7]: WB  WC  UC- UC  WB  WC  UC- UC  
[    0.000000] e820: last_pfn = 0x93000 max_arch_pfn = 0x400000000
[    0.000000] Scanning 1 areas for low memory corruption
[    0.000000] Base memory trampoline at [ffff88000007e000] 7e000 size 24576
[    0.000000] Using GB pages for direct mapping
[    0.000000] init_memory_mapping: [mem 0x00000000-0x000fffff]
[    0.000000]  [mem 0x00000000-0x000fffff] page 4k
[    0.000000] BRK [0x02fd4000, 0x02fd4fff] PGTABLE
[    0.000000] BRK [0x02fd5000, 0x02fd5fff] PGTABLE
[    0.000000] BRK [0x02fd6000, 0x02fd6fff] PGTABLE
[    0.000000] init_memory_mapping: [mem 0x15f400000-0x15f5fffff]
[    0.000000]  [mem 0x15f400000-0x15f5fffff] page 2M
[    0.000000] BRK [0x02fd7000, 0x02fd7fff] PGTABLE
[    0.000000] init_memory_mapping: [mem 0x140000000-0x15f3fffff]
[    0.000000]  [mem 0x140000000-0x15f3fffff] page 2M
[    0.000000] init_memory_mapping: [mem 0x120000000-0x13fffffff]
[    0.000000]  [mem 0x120000000-0x13fffffff] page 1G
[    0.000000] init_memory_mapping: [mem 0x00100000-0x9249efff]
[    0.000000]  [mem 0x00100000-0x001fffff] page 4k
[    0.000000]  [mem 0x00200000-0x3fffffff] page 2M
[    0.000000]  [mem 0x40000000-0x7fffffff] page 1G
[    0.000000]  [mem 0x80000000-0x923fffff] page 2M
[    0.000000]  [mem 0x92400000-0x9249efff] page 4k
[    0.000000] init_memory_mapping: [mem 0x92fff000-0x92ffffff]
[    0.000000]  [mem 0x92fff000-0x92ffffff] page 4k
[    0.000000] BRK [0x02fd8000, 0x02fd8fff] PGTABLE
[    0.000000] init_memory_mapping: [mem 0x100000000-0x11fffffff]
[    0.000000]  [mem 0x100000000-0x11fffffff] page 1G
[    0.000000] RAMDISK: [mem 0x35a28000-0x36d0bfff]
[    0.000000] ACPI: Early table checksum verification disabled
[    0.000000] ACPI: RSDP 0x0000000092FFE014 000024 (v02 HPQOEM)
[    0.000000] ACPI: XSDT 0x0000000092FFE210 0000B4 (v01 HPQOEM SLIC-MPC 00000001 HP   01000013)
[    0.000000] ACPI: FACP 0x0000000092FF8000 00010C (v05 HPQOEM SLIC-MPC 00000001 HP   00040000)
[    0.000000] ACPI: DSDT 0x0000000092FE5000 00FDDF (v01 HPQOEM 2166     00000000 INTL 00040000)
[    0.000000] ACPI: FACS 0x0000000092FAA000 000040
[    0.000000] ACPI: UEFI 0x0000000092FFD000 000236 (v01 HPQOEM 2166     00000001 HP   00040000)
[    0.000000] ACPI: FPDT 0x0000000092FFB000 000044 (v01 HPQOEM 2166     00000001 HP   00040000)
[    0.000000] ACPI: MSDM 0x0000000092FFA000 000055 (v03 HPQOEM SLIC-MPC 00000001 HP   00040000)
[    0.000000] ACPI: ASF! 0x0000000092FF9000 0000A5 (v32 HPQOEM 2166     00000001 HP   00040000)
[    0.000000] ACPI: HPET 0x0000000092FF7000 000038 (v01 HPQOEM 2166     00000001 HP   00040000)
[    0.000000] ACPI: APIC 0x0000000092FF6000 00008C (v03 HPQOEM 2166     00000001 HP   00040000)
[    0.000000] ACPI: MCFG 0x0000000092FF5000 00003C (v01 HPQOEM 2166     00000001 HP   00040000)
[    0.000000] ACPI: SSDT 0x0000000092FE3000 0010BF (v01 HPQOEM 2166     00001000 INTL 00040000)
[    0.000000] ACPI: BOOT 0x0000000092FE1000 000028 (v01 HPQOEM 2166     00000001 HP   00040000)
[    0.000000] ACPI: ASPT 0x0000000092FDF000 000034 (v07 HPQOEM 2166     00000001 HP   00040000)
[    0.000000] ACPI: DBGP 0x0000000092FDE000 000034 (v01 HPQOEM 2166     00000001 HP   00040000)
[    0.000000] ACPI: SSDT 0x0000000092FDD000 000539 (v01 HPQOEM 2166     00003000 INTL 00040000)
[    0.000000] ACPI: SSDT 0x0000000092FDC000 000AD8 (v01 HPQOEM 2166     00003000 INTL 00040000)
[    0.000000] ACPI: SSDT 0x0000000092FD8000 0032C2 (v01 HPQOEM 2166     00003000 INTL 00040000)
[    0.000000] ACPI: SSDT 0x0000000092FD3000 002D0B (v01 HPQOEM 2166     00001000 INTL 00040000)
[    0.000000] ACPI: DMAR 0x0000000092FD6000 000088 (v01 HPQOEM 2166     00000001 HP   00040000)
[    0.000000] ACPI: BGRT 0x0000000092FD7000 000038 (v01 HPQOEM 2166     00000001 HP   00040000)
[    0.000000] ACPI: Local APIC address 0xfee00000
[    0.000000] No NUMA configuration found
[    0.000000] Faking a node at [mem 0x0000000000000000-0x000000015f5fffff]
[    0.000000] NODE_DATA(0) allocated [mem 0x15f5f9000-0x15f5fdfff]
[    0.000000]  [ffffea0000000000-ffffea00057fffff] PMD -> [ffff88015ae00000-ffff88015ebfffff] on node 0
[    0.000000] Zone ranges:
[    0.000000]   DMA      [mem 0x00001000-0x00ffffff]
[    0.000000]   DMA32    [mem 0x01000000-0xffffffff]
[    0.000000]   Normal   [mem 0x100000000-0x15f5fffff]
[    0.000000] Movable zone start for each node
[    0.000000] Early memory node ranges
[    0.000000]   node   0: [mem 0x00001000-0x0006efff]
[    0.000000]   node   0: [mem 0x00070000-0x00087fff]
[    0.000000]   node   0: [mem 0x00100000-0x9249efff]
[    0.000000]   node   0: [mem 0x92fff000-0x92ffffff]
[    0.000000]   node   0: [mem 0x100000000-0x15f5fffff]
[    0.000000] Initmem setup node 0 [mem 0x00001000-0x15f5fffff]
[    0.000000] On node 0 totalpages: 989734
[    0.000000]   DMA zone: 64 pages used for memmap
[    0.000000]   DMA zone: 22 pages reserved
[    0.000000]   DMA zone: 3974 pages, LIFO batch:0
[    0.000000]   DMA32 zone: 9299 pages used for memmap
[    0.000000]   DMA32 zone: 595104 pages, LIFO batch:31
[    0.000000]   Normal zone: 6104 pages used for memmap
[    0.000000]   Normal zone: 390656 pages, LIFO batch:31
[    0.000000] Reserving Intel graphics stolen memory at 0x9da00000-0x9f9fffff
[    0.000000] ACPI: PM-Timer IO Port: 0x1808
[    0.000000] ACPI: Local APIC address 0xfee00000
[    0.000000] ACPI: LAPIC (acpi_id[0x01] lapic_id[0x00] enabled)
[    0.000000] ACPI: LAPIC (acpi_id[0x02] lapic_id[0x01] enabled)
[    0.000000] ACPI: LAPIC (acpi_id[0x03] lapic_id[0x02] enabled)
[    0.000000] ACPI: LAPIC (acpi_id[0x04] lapic_id[0x03] enabled)
[    0.000000] ACPI: LAPIC (acpi_id[0x05] lapic_id[0x00] disabled)
[    0.000000] ACPI: LAPIC (acpi_id[0x06] lapic_id[0x00] disabled)
[    0.000000] ACPI: LAPIC (acpi_id[0x07] lapic_id[0x00] disabled)
[    0.000000] ACPI: LAPIC (acpi_id[0x08] lapic_id[0x00] disabled)
[    0.000000] ACPI: IOAPIC (id[0x02] address[0xfec00000] gsi_base[0])
[    0.000000] IOAPIC[0]: apic_id 2, version 32, address 0xfec00000, GSI 0-39
[    0.000000] ACPI: INT_SRC_OVR (bus 0 bus_irq 0 global_irq 2 dfl dfl)
[    0.000000] ACPI: INT_SRC_OVR (bus 0 bus_irq 9 global_irq 9 high level)
[    0.000000] ACPI: IRQ0 used by override.
[    0.000000] ACPI: IRQ9 used by override.
[    0.000000] Using ACPI (MADT) for SMP configuration information
[    0.000000] ACPI: HPET id: 0x8086a201 base: 0xfed00000
[    0.000000] smpboot: Allowing 8 CPUs, 4 hotplug CPUs
[    0.000000] PM: Registered nosave memory: [mem 0x00000000-0x00000fff]
[    0.000000] PM: Registered nosave memory: [mem 0x0006f000-0x0006ffff]
[    0.000000] PM: Registered nosave memory: [mem 0x00088000-0x000bffff]
[    0.000000] PM: Registered nosave memory: [mem 0x000c0000-0x000fffff]
[    0.000000] PM: Registered nosave memory: [mem 0x9249f000-0x9269efff]
[    0.000000] PM: Registered nosave memory: [mem 0x9269f000-0x92eaefff]
[    0.000000] PM: Registered nosave memory: [mem 0x92eaf000-0x92faefff]
[    0.000000] PM: Registered nosave memory: [mem 0x92faf000-0x92ffefff]
[    0.000000] PM: Registered nosave memory: [mem 0x93000000-0x9f9fffff]
[    0.000000] PM: Registered nosave memory: [mem 0x9fa00000-0xdfffffff]
[    0.000000] PM: Registered nosave memory: [mem 0xe0000000-0xefffffff]
[    0.000000] PM: Registered nosave memory: [mem 0xf0000000-0xfe100fff]
[    0.000000] PM: Registered nosave memory: [mem 0xfe101000-0xfe112fff]
[    0.000000] PM: Registered nosave memory: [mem 0xfe113000-0xfeafffff]
[    0.000000] PM: Registered nosave memory: [mem 0xfeb00000-0xfeb0ffff]
[    0.000000] PM: Registered nosave memory: [mem 0xfeb10000-0xfebfffff]
[    0.000000] PM: Registered nosave memory: [mem 0xfec00000-0xfec00fff]
[    0.000000] PM: Registered nosave memory: [mem 0xfec01000-0xfecfffff]
[    0.000000] PM: Registered nosave memory: [mem 0xfed00000-0xfee00fff]
[    0.000000] PM: Registered nosave memory: [mem 0xfee01000-0xffbfffff]
[    0.000000] PM: Registered nosave memory: [mem 0xffc00000-0xffffffff]
[    0.000000] e820: [mem 0x9fa00000-0xdfffffff] available for PCI devices
[    0.000000] Booting paravirtualized kernel on bare hardware
[    0.000000] setup_percpu: NR_CPUS:256 nr_cpumask_bits:256 nr_cpu_ids:8 nr_node_ids:1
[    0.000000] PERCPU: Embedded 31 pages/cpu @ffff88015f200000 s86144 r8192 d32640 u262144
[    0.000000] pcpu-alloc: s86144 r8192 d32640 u262144 alloc=1*2097152
[    0.000000] pcpu-alloc: [0] 0 1 2 3 4 5 6 7 
[    0.000000] Built 1 zonelists in Node order, mobility grouping on.  Total pages: 974245
[    0.000000] Policy zone: Normal
[    0.000000] Kernel command line: BOOT_IMAGE=/boot/vmlinuz-3.19.0-49-generic.efi.signed root=UUID=57cd402f-2c5c-43d4-8ab6-70e254f9d77d ro quiet splash vt.handoff=7
[    0.000000] PID hash table entries: 4096 (order: 3, 32768 bytes)
[    0.000000] xsave: enabled xstate_bv 0x7, cntxt size 0x340 using standard form
[    0.000000] AGP: Checking aperture...
[    0.000000] AGP: No AGP bridge found
[    0.000000] Calgary: detecting Calgary via BIOS EBDA area
[    0.000000] Calgary: Unable to locate Rio Grande table in EBDA - bailing!
[    0.000000] ------------[ cut here ]------------
[    0.000000] WARNING: CPU: 0 PID: 0 at /build/linux-lts-vivid-LIqOuh/linux-lts-vivid-3.19.0/drivers/iommu/dmar.c:829 warn_invalid_dmar+0x7e/0x90()
[    0.000000] Your BIOS is broken; DMAR reported at address 0!
[    0.000000] BIOS vendor: Insyde; Ver: F.23; Product Version: 0897100000304100000610100
[    0.000000] Modules linked in:
[    0.000000] CPU: 0 PID: 0 Comm: swapper Not tainted 3.19.0-49-generic #55~14.04.1-Ubuntu
[    0.000000] Hardware name: Hewlett-Packard HP Pavilion 15 Notebook PC/2166, BIOS F.23 09/26/2013
[    0.000000]  ffffffff81b0cde8 ffffffff81c03d18 ffffffff817b01b5 0000000000000a52
[    0.000000]  ffffffff81c03d68 ffffffff81c03d58 ffffffff81074dea 0000000000000000
[    0.000000]  ffffffff81fd3008 ffffffff81fd3048 0000000000000000 ffffffff81c03e80
[    0.000000] Call Trace:
[    0.000000]  [<ffffffff817b01b5>] dump_stack+0x45/0x57
[    0.000000]  [<ffffffff81074dea>] warn_slowpath_common+0x8a/0xc0
[    0.000000]  [<ffffffff81074eaf>] warn_slowpath_fmt_taint+0x3f/0x50
[    0.000000]  [<ffffffff817a3b17>] ? acpi_os_map_iomem+0x27/0x156
[    0.000000]  [<ffffffff814e0dce>] warn_invalid_dmar+0x7e/0x90
[    0.000000]  [<ffffffff817a450c>] dmar_validate_one_drhd+0xcc/0xf0
[    0.000000]  [<ffffffff814e0f68>] dmar_walk_remapping_entries+0x88/0x1b0
[    0.000000]  [<ffffffff81d8edea>] detect_intel_iommu+0x52/0xd1
[    0.000000]  [<ffffffff817a4440>] ? xen_swiotlb_init+0x4c0/0x4c0
[    0.000000]  [<ffffffff81d48b5b>] pci_iommu_alloc+0x4b/0x6e
[    0.000000]  [<ffffffff81d5958b>] mem_init+0x17/0x9c
[    0.000000]  [<ffffffff81d3dec0>] start_kernel+0x258/0x4a6
[    0.000000]  [<ffffffff81d3da58>] ? set_init_arg+0x55/0x55
[    0.000000]  [<ffffffff81d3d120>] ? early_idt_handler_array+0x120/0x120
[    0.000000]  [<ffffffff81d3d5ee>] x86_64_start_reservations+0x2a/0x2c
[    0.000000]  [<ffffffff81d3d733>] x86_64_start_kernel+0x143/0x152
[    0.000000] ---[ end trace f5a577e0ace92194 ]---
[    0.000000] Memory: 3721376K/3958936K available (7923K kernel code, 1174K rwdata, 3760K rodata, 1408K init, 1292K bss, 237560K reserved, 0K cma-reserved)
[    0.000000] SLUB: HWalign=64, Order=0-3, MinObjects=0, CPUs=8, Nodes=1
[    0.000000] Hierarchical RCU implementation.
[    0.000000] 	RCU dyntick-idle grace-period acceleration is enabled.
[    0.000000] 	RCU restricting CPUs from NR_CPUS=256 to nr_cpu_ids=8.
[    0.000000] RCU: Adjusting geometry for rcu_fanout_leaf=16, nr_cpu_ids=8
[    0.000000] NR_IRQS:16640 nr_irqs:760 16
[    0.000000] 	Offload RCU callbacks from all CPUs
[    0.000000] 	Offload RCU callbacks from CPUs: 0-7.
[    0.000000] vt handoff: transparent VT on vt#7
[    0.000000] Console: colour dummy device 80x25
[    0.000000] console [tty0] enabled
[    0.000000] hpet clockevent registered
[    0.000000] tsc: Fast TSC calibration using PIT
[    0.000000] tsc: Detected 2294.638 MHz processor
[    0.000043] Calibrating delay loop (skipped), value calculated using timer frequency.. 4589.27 BogoMIPS (lpj=9178552)
[    0.000047] pid_max: default: 32768 minimum: 301
[    0.000054] ACPI: Core revision 20141107
[    0.020120] ACPI: All ACPI Tables successfully acquired
[    0.039904] Security Framework initialized
[    0.039931] AppArmor: AppArmor initialized
[    0.039933] Yama: becoming mindful.
[    0.040356] Dentry cache hash table entries: 524288 (order: 10, 4194304 bytes)
[    0.041494] Inode-cache hash table entries: 262144 (order: 9, 2097152 bytes)
[    0.042006] Mount-cache hash table entries: 8192 (order: 4, 65536 bytes)
[    0.042016] Mountpoint-cache hash table entries: 8192 (order: 4, 65536 bytes)
[    0.042281] Initializing cgroup subsys memory
[    0.042288] Initializing cgroup subsys devices
[    0.042291] Initializing cgroup subsys freezer
[    0.042294] Initializing cgroup subsys net_cls
[    0.042296] Initializing cgroup subsys blkio
[    0.042299] Initializing cgroup subsys perf_event
[    0.042302] Initializing cgroup subsys net_prio
[    0.042304] Initializing cgroup subsys hugetlb
[    0.042337] CPU: Physical Processor ID: 0
[    0.042338] CPU: Processor Core ID: 0
[    0.042344] ENERGY_PERF_BIAS: Set to 'normal', was 'performance'
[    0.042344] ENERGY_PERF_BIAS: View and update with x86_energy_perf_policy(8)
[    0.043617] mce: CPU supports 7 MCE banks
[    0.043634] CPU0: Thermal monitoring enabled (TM1)
[    0.043645] process: using mwait in idle threads
[    0.043650] Last level iTLB entries: 4KB 1024, 2MB 1024, 4MB 1024
[    0.043650] Last level dTLB entries: 4KB 1024, 2MB 1024, 4MB 1024, 1GB 4
[    0.043800] Freeing SMP alternatives memory: 32K (ffffffff81e87000 - ffffffff81e8f000)
[    0.052943] Ignoring BGRT: invalid status 0 (expected 1)
[    0.055865] ftrace: allocating 30034 entries in 118 pages
[    0.073631] dmar: Host address width 39
[    0.073634] dmar: DRHD base: 0x00000000000000 flags: 0x1
[    0.073637] dmar: parse DMAR table failure.
[    0.074232] ..TIMER: vector=0x30 apic1=0 pin1=2 apic2=-1 pin2=-1
[    0.113896] smpboot: CPU0: Intel(R) Core(TM) i5-4200U CPU @ 1.60GHz (fam: 06, model: 45, stepping: 01)
[    0.113904] TSC deadline timer enabled
[    0.113938] Performance Events: PEBS fmt2+, 16-deep LBR, Haswell events, full-width counters, Intel PMU driver.
[    0.113967] ... version:                3
[    0.113968] ... bit width:              48
[    0.113969] ... generic registers:      4
[    0.113971] ... value mask:             0000ffffffffffff
[    0.113972] ... max period:             0000ffffffffffff
[    0.113973] ... fixed-purpose events:   3
[    0.113974] ... event mask:             000000070000000f
[    0.115253] x86: Booting SMP configuration:
[    0.115255] .... node  #0, CPUs:      #1
[    0.129787] NMI watchdog: enabled on all CPUs, permanently consumes one hw-PMU counter.
[    0.129917]  #2 #3
[    0.158892] x86: Booted up 1 node, 4 CPUs
[    0.158896] smpboot: Total of 4 processors activated (18357.10 BogoMIPS)
[    0.164246] devtmpfs: initialized
[    0.167015] evm: security.selinux
[    0.167016] evm: security.SMACK64
[    0.167018] evm: security.SMACK64EXEC
[    0.167019] evm: security.SMACK64TRANSMUTE
[    0.167020] evm: security.SMACK64MMAP
[    0.167021] evm: security.ima
[    0.167022] evm: security.capability
[    0.167092] PM: Registering ACPI NVS region [mem 0x92eaf000-0x92faefff] (1048576 bytes)
[    0.167314] pinctrl core: initialized pinctrl subsystem
[    0.167441] RTC time:  1:02:55, date: 02/05/16
[    0.167586] NET: Registered protocol family 16
[    0.168017] cpuidle: using governor ladder
[    0.172026] cpuidle: using governor menu
[    0.172098] ACPI FADT declares the system doesn't support PCIe ASPM, so disable it
[    0.172100] ACPI: bus type PCI registered
[    0.172102] acpiphp: ACPI Hot Plug PCI Controller Driver version: 0.5
[    0.172203] PCI: MMCONFIG for domain 0000 [bus 00-ff] at [mem 0xe0000000-0xefffffff] (base 0xe0000000)
[    0.172206] PCI: MMCONFIG at [mem 0xe0000000-0xefffffff] reserved in E820
[    0.172644] PCI: Using configuration type 1 for base access
[    0.176559] ACPI: Added _OSI(Module Device)
[    0.176562] ACPI: Added _OSI(Processor Device)
[    0.176564] ACPI: Added _OSI(3.0 _SCP Extensions)
[    0.176566] ACPI: Added _OSI(Processor Aggregator Device)
[    0.181477] ACPI: Executed 1 blocks of module-level executable AML code
[    0.185302] [Firmware Bug]: ACPI: BIOS _OSI(Linux) query ignored
[    0.186734] ACPI: Dynamic OEM Table Load:
[    0.186748] ACPI: SSDT 0xFFFF880159F99800 0003D3 (v01 PmRef  Cpu0Cst  00003001 INTL 20121220)
[    0.187701] ACPI: Dynamic OEM Table Load:
[    0.187713] ACPI: SSDT 0xFFFF880159EE3000 0005AA (v01 PmRef  ApIst    00003000 INTL 20121220)
[    0.188738] ACPI: Dynamic OEM Table Load:
[    0.188748] ACPI: SSDT 0xFFFF88015980C800 000119 (v01 PmRef  ApCst    00003000 INTL 20121220)
[    0.320742] ACPI: Interpreter enabled
[    0.320754] ACPI Exception: AE_NOT_FOUND, While evaluating Sleep State [\_S1_] (20141107/hwxface-580)
[    0.320763] ACPI Exception: AE_NOT_FOUND, While evaluating Sleep State [\_S2_] (20141107/hwxface-580)
[    0.320790] ACPI: (supports S0 S3 S4 S5)
[    0.320791] ACPI: Using IOAPIC for interrupt routing
[    0.320834] PCI: Using host bridge windows from ACPI; if necessary, use "pci=nocrs" and report a bug
[    0.337035] ACPI: PCI Root Bridge [PCI0] (domain 0000 [bus 00-fe])
[    0.337043] acpi PNP0A08:00: _OSC: OS supports [ExtendedConfig ASPM ClockPM Segments MSI]
[    0.337143] \_SB_.PCI0:_OSC invalid UUID
[    0.337144] _OSC request data:1 1f 0 
[    0.337150] acpi PNP0A08:00: _OSC failed (AE_ERROR); disabling ASPM
[    0.337733] PCI host bridge to bus 0000:00
[    0.337737] pci_bus 0000:00: root bus resource [bus 00-fe]
[    0.337740] pci_bus 0000:00: root bus resource [io  0x0000-0x0cf7]
[    0.337742] pci_bus 0000:00: root bus resource [io  0x0d00-0xffff]
[    0.337744] pci_bus 0000:00: root bus resource [mem 0x000a0000-0x000bffff]
[    0.337746] pci_bus 0000:00: root bus resource [mem 0x000c0000-0x000c3fff]
[    0.337748] pci_bus 0000:00: root bus resource [mem 0x000c4000-0x000c7fff]
[    0.337750] pci_bus 0000:00: root bus resource [mem 0x000c8000-0x000cbfff]
[    0.337752] pci_bus 0000:00: root bus resource [mem 0x000cc000-0x000cffff]
[    0.337754] pci_bus 0000:00: root bus resource [mem 0x000d0000-0x000d3fff]
[    0.337756] pci_bus 0000:00: root bus resource [mem 0x000d4000-0x000d7fff]
[    0.337758] pci_bus 0000:00: root bus resource [mem 0x000d8000-0x000dbfff]
[    0.337760] pci_bus 0000:00: root bus resource [mem 0x000dc000-0x000dffff]
[    0.337762] pci_bus 0000:00: root bus resource [mem 0x000e0000-0x000e3fff]
[    0.337763] pci_bus 0000:00: root bus resource [mem 0x000e4000-0x000e7fff]
[    0.337765] pci_bus 0000:00: root bus resource [mem 0x000e8000-0x000ebfff]
[    0.337767] pci_bus 0000:00: root bus resource [mem 0x000ec000-0x000effff]
[    0.337769] pci_bus 0000:00: root bus resource [mem 0x000f0000-0x000fffff]
[    0.337771] pci_bus 0000:00: root bus resource [mem 0x9fa00000-0xfeafffff]
[    0.337782] pci 0000:00:00.0: [8086:0a04] type 00 class 0x060000
[    0.337947] pci 0000:00:02.0: [8086:0a16] type 00 class 0x030000
[    0.337964] pci 0000:00:02.0: reg 0x10: [mem 0xb5000000-0xb53fffff 64bit]
[    0.337973] pci 0000:00:02.0: reg 0x18: [mem 0xc0000000-0xcfffffff 64bit pref]
[    0.337980] pci 0000:00:02.0: reg 0x20: [io  0x6000-0x603f]
[    0.338141] pci 0000:00:03.0: [8086:0a0c] type 00 class 0x040300
[    0.338153] pci 0000:00:03.0: reg 0x10: [mem 0xb5610000-0xb5613fff 64bit]
[    0.338339] pci 0000:00:14.0: [8086:9c31] type 00 class 0x0c0330
[    0.338359] pci 0000:00:14.0: reg 0x10: [mem 0xb5600000-0xb560ffff 64bit]
[    0.338427] pci 0000:00:14.0: PME# supported from D3hot D3cold
[    0.338520] pci 0000:00:14.0: System wakeup disabled by ACPI
[    0.338570] pci 0000:00:16.0: [8086:9c3a] type 00 class 0x078000
[    0.338593] pci 0000:00:16.0: reg 0x10: [mem 0xb5618000-0xb561801f 64bit]
[    0.338672] pci 0000:00:16.0: PME# supported from D0 D3hot D3cold
[    0.338817] pci 0000:00:1b.0: [8086:9c20] type 00 class 0x040300
[    0.338834] pci 0000:00:1b.0: reg 0x10: [mem 0xb5614000-0xb5617fff 64bit]
[    0.338910] pci 0000:00:1b.0: PME# supported from D0 D3hot D3cold
[    0.339047] pci 0000:00:1c.0: [8086:9c10] type 01 class 0x060400
[    0.339123] pci 0000:00:1c.0: PME# supported from D0 D3hot D3cold
[    0.339219] pci 0000:00:1c.0: System wakeup disabled by ACPI
[    0.339264] pci 0000:00:1c.1: [8086:9c12] type 01 class 0x060400
[    0.339339] pci 0000:00:1c.1: PME# supported from D0 D3hot D3cold
[    0.339434] pci 0000:00:1c.1: System wakeup disabled by ACPI
[    0.339479] pci 0000:00:1c.2: [8086:9c14] type 01 class 0x060400
[    0.339554] pci 0000:00:1c.2: PME# supported from D0 D3hot D3cold
[    0.339650] pci 0000:00:1c.2: System wakeup disabled by ACPI
[    0.339693] pci 0000:00:1c.3: [8086:9c16] type 01 class 0x060400
[    0.339768] pci 0000:00:1c.3: PME# supported from D0 D3hot D3cold
[    0.339864] pci 0000:00:1c.3: System wakeup disabled by ACPI
[    0.339909] pci 0000:00:1c.4: [8086:9c18] type 01 class 0x060400
[    0.339984] pci 0000:00:1c.4: PME# supported from D0 D3hot D3cold
[    0.340090] pci 0000:00:1c.4: System wakeup disabled by ACPI
[    0.340143] pci 0000:00:1d.0: [8086:9c26] type 00 class 0x0c0320
[    0.340166] pci 0000:00:1d.0: reg 0x10: [mem 0xb561c000-0xb561c3ff]
[    0.340267] pci 0000:00:1d.0: PME# supported from D0 D3hot D3cold
[    0.340378] pci 0000:00:1d.0: System wakeup disabled by ACPI
[    0.340426] pci 0000:00:1f.0: [8086:9c43] type 00 class 0x060100
[    0.340674] pci 0000:00:1f.2: [8086:9c03] type 00 class 0x010601
[    0.340691] pci 0000:00:1f.2: reg 0x10: [io  0x6088-0x608f]
[    0.340699] pci 0000:00:1f.2: reg 0x14: [io  0x6094-0x6097]
[    0.340707] pci 0000:00:1f.2: reg 0x18: [io  0x6080-0x6087]
[    0.340715] pci 0000:00:1f.2: reg 0x1c: [io  0x6090-0x6093]
[    0.340723] pci 0000:00:1f.2: reg 0x20: [io  0x6060-0x607f]
[    0.340732] pci 0000:00:1f.2: reg 0x24: [mem 0xb561b000-0xb561b7ff]
[    0.340775] pci 0000:00:1f.2: PME# supported from D3hot
[    0.340903] pci 0000:00:1f.3: [8086:9c22] type 00 class 0x0c0500
[    0.340919] pci 0000:00:1f.3: reg 0x10: [mem 0xb5619000-0xb56190ff 64bit]
[    0.340941] pci 0000:00:1f.3: reg 0x20: [io  0x6040-0x605f]
[    0.341136] pci 0000:00:1c.0: PCI bridge to [bus 01]
[    0.341213] pci 0000:00:1c.1: PCI bridge to [bus 02-07]
[    0.341217] pci 0000:00:1c.1:   bridge window [io  0x5000-0x5fff]
[    0.341221] pci 0000:00:1c.1:   bridge window [mem 0xb4000000-0xb4ffffff]
[    0.341226] pci 0000:00:1c.1:   bridge window [mem 0xb2000000-0xb2ffffff 64bit pref]
[    0.342932] pci 0000:08:00.0: [1814:3290] type 00 class 0x028000
[    0.342953] pci 0000:08:00.0: reg 0x10: [mem 0xb5510000-0xb551ffff]
[    0.346358] pci 0000:08:00.0: PME# supported from D0 D3hot
[    0.348070] pci 0000:08:00.1: [1814:3298] type 00 class 0x0d1100
[    0.348090] pci 0000:08:00.1: reg 0x10: [mem 0xb5500000-0xb550ffff]
[    0.348237] pci 0000:08:00.1: supports D1
[    0.348239] pci 0000:08:00.1: PME# supported from D0 D1 D3hot
[    0.367625] pci 0000:00:1c.2: PCI bridge to [bus 08]
[    0.367631] pci 0000:00:1c.2:   bridge window [mem 0xb5500000-0xb55fffff]
[    0.367731] pci 0000:09:00.0: [10ec:8136] type 00 class 0x020000
[    0.367756] pci 0000:09:00.0: reg 0x10: [io  0x4000-0x40ff]
[    0.367791] pci 0000:09:00.0: reg 0x18: [mem 0xb5404000-0xb5404fff 64bit]
[    0.367815] pci 0000:09:00.0: reg 0x20: [mem 0xb5400000-0xb5403fff 64bit]
[    0.367931] pci 0000:09:00.0: supports D1 D2
[    0.367933] pci 0000:09:00.0: PME# supported from D0 D1 D2 D3hot D3cold
[    0.367998] pci 0000:09:00.0: System wakeup disabled by ACPI
[    0.378005] pci 0000:00:1c.3: PCI bridge to [bus 09]
[    0.378010] pci 0000:00:1c.3:   bridge window [io  0x4000-0x4fff]
[    0.378013] pci 0000:00:1c.3:   bridge window [mem 0xb5400000-0xb54fffff]
[    0.378107] pci 0000:0a:00.0: [10de:1292] type 00 class 0x030200
[    0.378131] pci 0000:0a:00.0: reg 0x10: [mem 0xb3000000-0xb3ffffff]
[    0.378153] pci 0000:0a:00.0: reg 0x14: [mem 0xa0000000-0xafffffff 64bit pref]
[    0.378176] pci 0000:0a:00.0: reg 0x1c: [mem 0xb0000000-0xb1ffffff 64bit pref]
[    0.378191] pci 0000:0a:00.0: reg 0x24: [io  0x3000-0x307f]
[    0.378206] pci 0000:0a:00.0: reg 0x30: [mem 0xfff80000-0xffffffff pref]
[    0.389994] pci 0000:00:1c.4: PCI bridge to [bus 0a]
[    0.389998] pci 0000:00:1c.4:   bridge window [io  0x3000-0x3fff]
[    0.390002] pci 0000:00:1c.4:   bridge window [mem 0xb3000000-0xb3ffffff]
[    0.390007] pci 0000:00:1c.4:   bridge window [mem 0xa0000000-0xb1ffffff 64bit pref]
[    0.390828] ACPI: PCI Interrupt Link [LNKA] (IRQs 3 4 5 6 10 11 12 14 15) *0, disabled.
[    0.390888] ACPI: PCI Interrupt Link [LNKB] (IRQs 3 4 5 6 10 11 12 14 15) *0, disabled.
[    0.390943] ACPI: PCI Interrupt Link [LNKC] (IRQs 3 4 5 6 10 11 12 14 15) *0, disabled.
[    0.390997] ACPI: PCI Interrupt Link [LNKD] (IRQs 3 4 5 6 10 11 12 14 15) *0, disabled.
[    0.391051] ACPI: PCI Interrupt Link [LNKE] (IRQs 3 4 5 6 10 11 12 14 15) *0, disabled.
[    0.391108] ACPI: PCI Interrupt Link [LNKF] (IRQs 3 4 5 6 10 11 12 14 15) *0, disabled.
[    0.391162] ACPI: PCI Interrupt Link [LNKG] (IRQs 3 4 5 6 10 11 12 14 15) *0, disabled.
[    0.391217] ACPI: PCI Interrupt Link [LNKH] (IRQs 3 4 5 6 10 11 12 14 15) *0, disabled.
[    0.391391] ACPI: Enabled 4 GPEs in block 00 to 7F
[    0.391483] ACPI : EC: GPE = 0x8, I/O: command/status = 0x66, data = 0x62
[    0.391660] vgaarb: setting as boot device: PCI:0000:00:02.0
[    0.391665] vgaarb: device added: PCI:0000:00:02.0,decodes=io+mem,owns=io+mem,locks=none
[    0.391671] vgaarb: loaded
[    0.391674] vgaarb: bridge control possible 0000:00:02.0
[    0.391983] SCSI subsystem initialized
[    0.392036] libata version 3.00 loaded.
[    0.392065] ACPI: bus type USB registered
[    0.392088] usbcore: registered new interface driver usbfs
[    0.392098] usbcore: registered new interface driver hub
[    0.392120] usbcore: registered new device driver usb
[    0.392364] PCI: Using ACPI for IRQ routing
[    0.398507] PCI: pci_cache_line_size set to 64 bytes
[    0.398567] e820: reserve RAM buffer [mem 0x0006f000-0x0006ffff]
[    0.398569] e820: reserve RAM buffer [mem 0x00088000-0x0008ffff]
[    0.398571] e820: reserve RAM buffer [mem 0x9249f000-0x93ffffff]
[    0.398573] e820: reserve RAM buffer [mem 0x93000000-0x93ffffff]
[    0.398575] e820: reserve RAM buffer [mem 0x15f600000-0x15fffffff]
[    0.398712] NetLabel: Initializing
[    0.398714] NetLabel:  domain hash size = 128
[    0.398715] NetLabel:  protocols = UNLABELED CIPSOv4
[    0.398730] NetLabel:  unlabeled traffic allowed by default
[    0.398808] hpet0: at MMIO 0xfed00000, IRQs 2, 8, 0, 0, 0, 0, 0, 0
[    0.398816] hpet0: 8 comparators, 64-bit 14.318180 MHz counter
[    0.400858] Switched to clocksource hpet
[    0.408033] AppArmor: AppArmor Filesystem Enabled
[    0.408119] pnp: PnP ACPI init
[    0.408442] system 00:00: [io  0x0680-0x069f] has been reserved
[    0.408445] system 00:00: [io  0xffff] has been reserved
[    0.408448] system 00:00: [io  0xffff] has been reserved
[    0.408450] system 00:00: [io  0xffff] has been reserved
[    0.408453] system 00:00: [io  0x1800-0x18fe] could not be reserved
[    0.408455] system 00:00: [io  0x164e-0x164f] has been reserved
[    0.408457] system 00:00: [io  0x0454-0x0457] has been reserved
[    0.408460] system 00:00: [io  0x0380-0x0387] has been reserved
[    0.408464] system 00:00: Plug and Play ACPI device, IDs PNP0c02 (active)
[    0.408525] pnp 00:01: Plug and Play ACPI device, IDs PNP0b00 (active)
[    0.408564] pnp 00:02: Plug and Play ACPI device, IDs HPQ8001 PNP0303 (active)
[    0.408608] pnp 00:03: Plug and Play ACPI device, IDs SYN1ea5 SYN1e00 SYN0002 PNP0f13 (active)
[    0.408948] pnp 00:04: disabling [mem 0xffffffff-0x100000ffe] because it overlaps 0000:0a:00.0 BAR 6 [mem 0xfff80000-0xffffffff pref]
[    0.408975] system 00:04: [mem 0xfed1c000-0xfed1ffff] has been reserved
[    0.408977] system 00:04: [mem 0xfed10000-0xfed17fff] has been reserved
[    0.408980] system 00:04: [mem 0xfed18000-0xfed18fff] has been reserved
[    0.408982] system 00:04: [mem 0xfed19000-0xfed19fff] has been reserved
[    0.408985] system 00:04: [mem 0xe0000000-0xefffffff] has been reserved
[    0.408987] system 00:04: [mem 0xfed20000-0xfed3ffff] has been reserved
[    0.408989] system 00:04: [mem 0xfed90000-0xfed93fff] has been reserved
[    0.408992] system 00:04: [mem 0xff000000-0xffffffff] could not be reserved
[    0.408994] system 00:04: [mem 0xfee00000-0xfeefffff] could not be reserved
[    0.408997] system 00:04: [mem 0x9fa10000-0x9fa10fff] has been reserved
[    0.409000] system 00:04: Plug and Play ACPI device, IDs PNP0c02 (active)
[    0.409340] pnp: PnP ACPI: found 5 devices
[    0.415879] pci 0000:0a:00.0: can't claim BAR 6 [mem 0xfff80000-0xffffffff pref]: no compatible bridge window
[    0.415893] pci 0000:00:1c.0: bridge window [io  0x1000-0x0fff] to [bus 01] add_size 1000
[    0.415897] pci 0000:00:1c.0: bridge window [mem 0x00100000-0x000fffff 64bit pref] to [bus 01] add_size 200000
[    0.415899] pci 0000:00:1c.0: bridge window [mem 0x00100000-0x000fffff] to [bus 01] add_size 200000
[    0.415929] pci 0000:00:1c.0: res[14]=[mem 0x00100000-0x000fffff] get_res_add_size add_size 200000
[    0.415932] pci 0000:00:1c.0: res[15]=[mem 0x00100000-0x000fffff 64bit pref] get_res_add_size add_size 200000
[    0.415934] pci 0000:00:1c.0: res[13]=[io  0x1000-0x0fff] get_res_add_size add_size 1000
[    0.415944] pci 0000:00:1c.0: BAR 14: assigned [mem 0x9fb00000-0x9fcfffff]
[    0.415958] pci 0000:00:1c.0: BAR 15: assigned [mem 0x9fd00000-0x9fefffff 64bit pref]
[    0.415961] pci 0000:00:1c.0: BAR 13: assigned [io  0x2000-0x2fff]
[    0.415964] pci 0000:00:1c.0: PCI bridge to [bus 01]
[    0.415967] pci 0000:00:1c.0:   bridge window [io  0x2000-0x2fff]
[    0.415973] pci 0000:00:1c.0:   bridge window [mem 0x9fb00000-0x9fcfffff]
[    0.415977] pci 0000:00:1c.0:   bridge window [mem 0x9fd00000-0x9fefffff 64bit pref]
[    0.415983] pci 0000:00:1c.1: PCI bridge to [bus 02-07]
[    0.415986] pci 0000:00:1c.1:   bridge window [io  0x5000-0x5fff]
[    0.415991] pci 0000:00:1c.1:   bridge window [mem 0xb4000000-0xb4ffffff]
[    0.415995] pci 0000:00:1c.1:   bridge window [mem 0xb2000000-0xb2ffffff 64bit pref]
[    0.416001] pci 0000:00:1c.2: PCI bridge to [bus 08]
[    0.416007] pci 0000:00:1c.2:   bridge window [mem 0xb5500000-0xb55fffff]
[    0.416015] pci 0000:00:1c.3: PCI bridge to [bus 09]
[    0.416018] pci 0000:00:1c.3:   bridge window [io  0x4000-0x4fff]
[    0.416023] pci 0000:00:1c.3:   bridge window [mem 0xb5400000-0xb54fffff]
[    0.416033] pci 0000:0a:00.0: BAR 6: no space for [mem size 0x00080000 pref]
[    0.416035] pci 0000:0a:00.0: BAR 6: failed to assign [mem size 0x00080000 pref]
[    0.416037] pci 0000:00:1c.4: PCI bridge to [bus 0a]
[    0.416040] pci 0000:00:1c.4:   bridge window [io  0x3000-0x3fff]
[    0.416045] pci 0000:00:1c.4:   bridge window [mem 0xb3000000-0xb3ffffff]
[    0.416049] pci 0000:00:1c.4:   bridge window [mem 0xa0000000-0xb1ffffff 64bit pref]
[    0.416056] pci_bus 0000:00: resource 4 [io  0x0000-0x0cf7]
[    0.416058] pci_bus 0000:00: resource 5 [io  0x0d00-0xffff]
[    0.416061] pci_bus 0000:00: resource 6 [mem 0x000a0000-0x000bffff]
[    0.416063] pci_bus 0000:00: resource 7 [mem 0x000c0000-0x000c3fff]
[    0.416065] pci_bus 0000:00: resource 8 [mem 0x000c4000-0x000c7fff]
[    0.416067] pci_bus 0000:00: resource 9 [mem 0x000c8000-0x000cbfff]
[    0.416069] pci_bus 0000:00: resource 10 [mem 0x000cc000-0x000cffff]
[    0.416071] pci_bus 0000:00: resource 11 [mem 0x000d0000-0x000d3fff]
[    0.416073] pci_bus 0000:00: resource 12 [mem 0x000d4000-0x000d7fff]
[    0.416075] pci_bus 0000:00: resource 13 [mem 0x000d8000-0x000dbfff]
[    0.416077] pci_bus 0000:00: resource 14 [mem 0x000dc000-0x000dffff]
[    0.416079] pci_bus 0000:00: resource 15 [mem 0x000e0000-0x000e3fff]
[    0.416081] pci_bus 0000:00: resource 16 [mem 0x000e4000-0x000e7fff]
[    0.416083] pci_bus 0000:00: resource 17 [mem 0x000e8000-0x000ebfff]
[    0.416085] pci_bus 0000:00: resource 18 [mem 0x000ec000-0x000effff]
[    0.416087] pci_bus 0000:00: resource 19 [mem 0x000f0000-0x000fffff]
[    0.416089] pci_bus 0000:00: resource 20 [mem 0x9fa00000-0xfeafffff]
[    0.416092] pci_bus 0000:01: resource 0 [io  0x2000-0x2fff]
[    0.416094] pci_bus 0000:01: resource 1 [mem 0x9fb00000-0x9fcfffff]
[    0.416096] pci_bus 0000:01: resource 2 [mem 0x9fd00000-0x9fefffff 64bit pref]
[    0.416098] pci_bus 0000:02: resource 0 [io  0x5000-0x5fff]
[    0.416100] pci_bus 0000:02: resource 1 [mem 0xb4000000-0xb4ffffff]
[    0.416102] pci_bus 0000:02: resource 2 [mem 0xb2000000-0xb2ffffff 64bit pref]
[    0.416104] pci_bus 0000:08: resource 1 [mem 0xb5500000-0xb55fffff]
[    0.416107] pci_bus 0000:09: resource 0 [io  0x4000-0x4fff]
[    0.416109] pci_bus 0000:09: resource 1 [mem 0xb5400000-0xb54fffff]
[    0.416111] pci_bus 0000:0a: resource 0 [io  0x3000-0x3fff]
[    0.416113] pci_bus 0000:0a: resource 1 [mem 0xb3000000-0xb3ffffff]
[    0.416115] pci_bus 0000:0a: resource 2 [mem 0xa0000000-0xb1ffffff 64bit pref]
[    0.416151] NET: Registered protocol family 2
[    0.416361] TCP established hash table entries: 32768 (order: 6, 262144 bytes)
[    0.416458] TCP bind hash table entries: 32768 (order: 7, 524288 bytes)
[    0.416544] TCP: Hash tables configured (established 32768 bind 32768)
[    0.416565] TCP: reno registered
[    0.416573] UDP hash table entries: 2048 (order: 4, 65536 bytes)
[    0.416593] UDP-Lite hash table entries: 2048 (order: 4, 65536 bytes)
[    0.416655] NET: Registered protocol family 1
[    0.416676] pci 0000:00:02.0: Video device with shadowed ROM
[    0.433000] PCI: CLS 64 bytes, default 64
[    0.433068] Trying to unpack rootfs image as initramfs...
[    0.874605] Freeing initrd memory: 19344K (ffff880035a28000 - ffff880036d0c000)
[    0.874639] PCI-DMA: Using software bounce buffering for IO (SWIOTLB)
[    0.874643] software IO TLB [mem 0x8e00a000-0x9200a000] (64MB) mapped at [ffff88008e00a000-ffff880092009fff]
[    0.874694] Simple Boot Flag at 0x44 set to 0x1
[    0.874907] RAPL PMU detected, hw unit 2^-14 Joules, API unit is 2^-32 Joules, 4 fixed counters 655360 ms ovfl timer
[    0.874977] microcode: CPU0 sig=0x40651, pf=0x40, revision=0x14
[    0.874984] microcode: CPU1 sig=0x40651, pf=0x40, revision=0x14
[    0.874993] microcode: CPU2 sig=0x40651, pf=0x40, revision=0x14
[    0.875002] microcode: CPU3 sig=0x40651, pf=0x40, revision=0x14
[    0.875069] microcode: Microcode Update Driver: v2.00 <tigran@aivazian.fsnet.co.uk>, Peter Oruba
[    0.875104] Scanning for low memory corruption every 60 seconds
[    0.875546] futex hash table entries: 2048 (order: 5, 131072 bytes)
[    0.875583] Initialise system trusted keyring
[    0.875612] audit: initializing netlink subsys (disabled)
[    0.875627] audit: type=2000 audit(1454634174.844:1): initialized
[    0.876042] HugeTLB registered 2 MB page size, pre-allocated 0 pages
[    0.877909] zpool: loaded
[    0.877912] zbud: loaded
[    0.878123] VFS: Disk quotas dquot_6.5.2
[    0.878166] VFS: Dquot-cache hash table entries: 512 (order 0, 4096 bytes)
[    0.878720] fuse init (API version 7.23)
[    0.878900] Key type big_key registered
[    0.879321] Key type asymmetric registered
[    0.879326] Asymmetric key parser 'x509' registered
[    0.879372] Block layer SCSI generic (bsg) driver version 0.4 loaded (major 252)
[    0.879418] io scheduler noop registered
[    0.879423] io scheduler deadline registered (default)
[    0.879461] io scheduler cfq registered
[    0.880255] pci_hotplug: PCI Hot Plug PCI Core version: 0.5
[    0.880276] pciehp: PCI Express Hot Plug Controller Driver version: 0.4
[    0.880325] efifb: probing for efifb
[    0.880347] efifb: framebuffer at 0xc0000000, mapped to 0xffffc90010800000, using 4160k, total 4160k
[    0.880349] efifb: mode is 1366x768x32, linelength=5504, pages=1
[    0.880350] efifb: scrolling: redraw
[    0.880352] efifb: Truecolor: size=8:8:8:8, shift=24:16:8:0
[    0.880451] Console: switching to colour frame buffer device 170x48
[    0.880471] fb0: EFI VGA frame buffer device
[    0.880483] intel_idle: MWAIT substates: 0x11142120
[    0.880485] intel_idle: v0.4 model 0x45
[    0.880487] intel_idle: lapic_timer_reliable_states 0xffffffff
[    0.881113] ACPI: AC Adapter [ACAD] (on-line)
[    0.881215] input: Lid Switch as /devices/LNXSYSTM:00/LNXSYBUS:00/PNP0C0D:00/input/input0
[    0.881752] ACPI: Lid Switch [LID0]
[    0.881802] input: Power Button as /devices/LNXSYSTM:00/LNXSYBUS:00/PNP0C0C:00/input/input1
[    0.881806] ACPI: Power Button [PWRB]
[    0.881860] input: Power Button as /devices/LNXSYSTM:00/LNXPWRBN:00/input/input2
[    0.881863] ACPI: Power Button [PWRF]
[    0.883073] [Firmware Bug]: Invalid critical threshold (0)
[    0.884795] thermal LNXTHERM:00: registered as thermal_zone0
[    0.884798] ACPI: Thermal Zone [TZ01] (40 C)
[    0.884836] GHES: HEST is not enabled!
[    0.884984] Serial: 8250/16550 driver, 32 ports, IRQ sharing enabled
[    0.887464] Linux agpgart interface v0.103
[    0.889004] brd: module loaded
[    0.889717] loop: module loaded
[    0.889952] libphy: Fixed MDIO Bus: probed
[    0.889956] tun: Universal TUN/TAP device driver, 1.6
[    0.889958] tun: (C) 1999-2004 Max Krasnyansky <maxk@qualcomm.com>
[    0.890008] PPP generic driver version 2.4.2
[    0.890208] xhci_hcd 0000:00:14.0: xHCI Host Controller
[    0.890215] xhci_hcd 0000:00:14.0: new USB bus registered, assigned bus number 1
[    0.891285] xhci_hcd 0000:00:14.0: cache line size of 64 is not supported
[    0.891372] usb usb1: New USB device found, idVendor=1d6b, idProduct=0002
[    0.891375] usb usb1: New USB device strings: Mfr=3, Product=2, SerialNumber=1
[    0.891377] usb usb1: Product: xHCI Host Controller
[    0.891379] usb usb1: Manufacturer: Linux 3.19.0-49-generic xhci-hcd
[    0.891380] usb usb1: SerialNumber: 0000:00:14.0
[    0.891510] hub 1-0:1.0: USB hub found
[    0.891521] hub 1-0:1.0: 9 ports detected
[    0.892137] xhci_hcd 0000:00:14.0: xHCI Host Controller
[    0.892142] xhci_hcd 0000:00:14.0: new USB bus registered, assigned bus number 2
[    0.892178] usb usb2: New USB device found, idVendor=1d6b, idProduct=0003
[    0.892181] usb usb2: New USB device strings: Mfr=3, Product=2, SerialNumber=1
[    0.892182] usb usb2: Product: xHCI Host Controller
[    0.892185] usb usb2: Manufacturer: Linux 3.19.0-49-generic xhci-hcd
[    0.892186] usb usb2: SerialNumber: 0000:00:14.0
[    0.892308] hub 2-0:1.0: USB hub found
[    0.892317] hub 2-0:1.0: 4 ports detected
[    0.892701] ehci_hcd: USB 2.0 'Enhanced' Host Controller (EHCI) Driver
[    0.892708] ehci-pci: EHCI PCI platform driver
[    0.892842] ehci-pci 0000:00:1d.0: EHCI Host Controller
[    0.892848] ehci-pci 0000:00:1d.0: new USB bus registered, assigned bus number 3
[    0.892861] ehci-pci 0000:00:1d.0: debug port 2
[    0.896752] ehci-pci 0000:00:1d.0: cache line size of 64 is not supported
[    0.896768] ehci-pci 0000:00:1d.0: irq 23, io mem 0xb561c000
[    0.908588] ehci-pci 0000:00:1d.0: USB 2.0 started, EHCI 1.00
[    0.908626] usb usb3: New USB device found, idVendor=1d6b, idProduct=0002
[    0.908628] usb usb3: New USB device strings: Mfr=3, Product=2, SerialNumber=1
[    0.908630] usb usb3: Product: EHCI Host Controller
[    0.908632] usb usb3: Manufacturer: Linux 3.19.0-49-generic ehci_hcd
[    0.908633] usb usb3: SerialNumber: 0000:00:1d.0
[    0.908795] hub 3-0:1.0: USB hub found
[    0.908802] hub 3-0:1.0: 2 ports detected
[    0.908947] ehci-platform: EHCI generic platform driver
[    0.908960] ohci_hcd: USB 1.1 'Open' Host Controller (OHCI) Driver
[    0.908966] ohci-pci: OHCI PCI platform driver
[    0.908980] ohci-platform: OHCI generic platform driver
[    0.908991] uhci_hcd: USB Universal Host Controller Interface driver
[    0.909056] i8042: PNP: PS/2 Controller [PNP0303:PS2K,PNP0f13:PS2M] at 0x60,0x64 irq 1,12
[    0.918137] serio: i8042 KBD port at 0x60,0x64 irq 1
[    0.918144] serio: i8042 AUX port at 0x60,0x64 irq 12
[    0.918339] mousedev: PS/2 mouse device common for all mice
[    0.918592] rtc_cmos 00:01: RTC can wake from S4
[    0.918722] rtc_cmos 00:01: rtc core: registered rtc_cmos as rtc0
[    0.918751] rtc_cmos 00:01: alarms up to one month, 242 bytes nvram, hpet irqs
[    0.918762] i2c /dev entries driver
[    0.918843] device-mapper: uevent: version 1.0.3
[    0.918944] device-mapper: ioctl: 4.29.0-ioctl (2014-10-28) initialised: dm-devel@redhat.com
[    0.918971] Intel P-state driver initializing.
[    0.919107] Consider also installing thermald for improved thermal control.
[    0.919115] ledtrig-cpu: registered to indicate activity on CPUs
[    0.919124] EFI Variables Facility v0.08 2004-May-17
[    0.927294] input: AT Translated Set 2 keyboard as /devices/platform/i8042/serio0/input/input3
[    0.944271] PCCT header not found.
[    0.944366] TCP: cubic registered
[    0.944466] NET: Registered protocol family 10
[    0.944685] NET: Registered protocol family 17
[    0.944698] Key type dns_resolver registered
[    0.944833] ACPI: Battery Slot [BAT0] (battery present)
[    0.944992] Loading compiled-in X.509 certificates
[    0.945749] Loaded X.509 cert 'Magrathea: Glacier signing key: a932dc237895a44d3959bf91a3566a20ee211f37'
[    0.945760] registered taskstats version 1
[    0.947178] Key type trusted registered
[    0.949644] Key type encrypted registered
[    0.949649] AppArmor: AppArmor sha1 policy hashing enabled
[    0.949652] ima: No TPM chip found, activating TPM-bypass!
[    0.949668] evm: HMAC attrs: 0x1
[    0.950162]   Magic number: 4:413:2
[    0.950256] rtc_cmos 00:01: setting system clock to 2016-02-05 01:02:55 UTC (1454634175)
[    0.950319] BIOS EDD facility v0.16 2004-Jun-25, 0 devices found
[    0.950320] EDD information not available.
[    0.950384] PM: Hibernation image not present or could not be loaded.
[    0.950635] Freeing unused kernel memory: 1408K (ffffffff81d27000 - ffffffff81e87000)
[    0.950636] Write protecting the kernel read-only data: 12288k
[    0.950824] Freeing unused kernel memory: 256K (ffff8800027c0000 - ffff880002800000)
[    0.950924] Freeing unused kernel memory: 336K (ffff880002bac000 - ffff880002c00000)
[    0.962795] systemd-udevd[117]: starting version 204
[    0.982376] r8169 Gigabit Ethernet driver 2.3LK-NAPI loaded
[    0.982384] r8169 0000:09:00.0: can't disable ASPM; OS doesn't have ASPM control
[    0.983234] ahci 0000:00:1f.2: version 3.0
[    0.989448] r8169 0000:09:00.0 eth0: RTL8106e at 0xffffc90010690000, a0:48:1c:1b:12:2d, XID 10900800 IRQ 42
[    0.996569] ahci 0000:00:1f.2: AHCI 0001.0300 32 slots 4 ports 6 Gbps 0x3 impl SATA mode
[    0.996575] ahci 0000:00:1f.2: flags: 64bit ncq pm led clo only pio slum part deso sadm sds apst 
[    0.997741] scsi host0: ahci
[    0.997872] scsi host1: ahci
[    0.997971] scsi host2: ahci
[    0.998062] scsi host3: ahci
[    0.998103] ata1: SATA max UDMA/133 abar m2048@0xb561b000 port 0xb561b100 irq 41
[    0.998105] ata2: SATA max UDMA/133 abar m2048@0xb561b000 port 0xb561b180 irq 41
[    0.998106] ata3: DUMMY
[    0.998107] ata4: DUMMY
[    1.200482] usb 1-1: new low-speed USB device number 2 using xhci_hcd
[    1.220476] usb 3-1: new high-speed USB device number 2 using ehci-pci
[    1.316423] ata2: SATA link up 1.5 Gbps (SStatus 113 SControl 300)
[    1.316444] ata1: SATA link up 3.0 Gbps (SStatus 123 SControl 300)
[    1.320286] ata2.00: ATAPI: hp       CDDVDW SU-208CB, HH00, max UDMA/100
[    1.325047] ata1.00: ATA-9: HGST HTS541010A9E680, JA0OA590, max UDMA/133
[    1.325054] ata1.00: 1953525168 sectors, multi 16: LBA48 NCQ (depth 31/32), AA
[    1.325092] ata2.00: configured for UDMA/100
[    1.327121] ata1.00: configured for UDMA/133
[    1.327363] scsi 0:0:0:0: Direct-Access     ATA      HGST HTS541010A9 A590 PQ: 0 ANSI: 5
[    1.327684] sd 0:0:0:0: [sda] 1953525168 512-byte logical blocks: (1.00 TB/931 GiB)
[    1.327690] sd 0:0:0:0: [sda] 4096-byte physical blocks
[    1.327743] sd 0:0:0:0: Attached scsi generic sg0 type 0
[    1.327745] sd 0:0:0:0: [sda] Write Protect is off
[    1.327749] sd 0:0:0:0: [sda] Mode Sense: 00 3a 00 00
[    1.327768] sd 0:0:0:0: [sda] Write cache: enabled, read cache: enabled, doesn't support DPO or FUA
[    1.329450] scsi 1:0:0:0: CD-ROM            hp       CDDVDW SU-208CB  HH00 PQ: 0 ANSI: 5
[    1.333825] usb 1-1: New USB device found, idVendor=1c4f, idProduct=0016
[    1.333829] usb 1-1: New USB device strings: Mfr=1, Product=2, SerialNumber=0
[    1.333831] usb 1-1: Product: USB Keyboard
[    1.333833] usb 1-1: Manufacturer: SIGMACHIP
[    1.334012] usb 1-1: ep 0x81 - rounding interval to 64 microframes, ep desc says 80 microframes
[    1.334016] usb 1-1: ep 0x82 - rounding interval to 64 microframes, ep desc says 80 microframes
[    1.337254] hidraw: raw HID events driver (C) Jiri Kosina
[    1.343355] usbcore: registered new interface driver usbhid
[    1.343358] usbhid: USB HID core driver
[    1.345611] input: SIGMACHIP USB Keyboard as /devices/pci0000:00/0000:00:14.0/usb1/1-1/1-1:1.0/0003:1C4F:0016.0001/input/input6
[    1.351806] sr 1:0:0:0: [sr0] scsi3-mmc drive: 24x/24x writer dvd-ram cd/rw xa/form2 cdda tray
[    1.351811] cdrom: Uniform CD-ROM driver Revision: 3.20
[    1.351994] sr 1:0:0:0: Attached scsi CD-ROM sr0
[    1.352088] sr 1:0:0:0: Attached scsi generic sg1 type 5
[    1.356731] usb 3-1: New USB device found, idVendor=8087, idProduct=8000
[    1.356735] usb 3-1: New USB device strings: Mfr=0, Product=0, SerialNumber=0
[    1.357132] hub 3-1:1.0: USB hub found
[    1.357183] hub 3-1:1.0: 8 ports detected
[    1.379564]  sda: sda1 sda2 sda3 sda4 sda5 sda6 sda7 sda8 sda9 sda10 sda11 sda12 sda13
[    1.380504] sd 0:0:0:0: [sda] Attached SCSI disk
[    1.404602] hid-generic 0003:1C4F:0016.0001: input,hidraw0: USB HID v1.10 Keyboard [SIGMACHIP USB Keyboard] on usb-0000:00:14.0-1/input0
[    1.405778] input: SIGMACHIP USB Keyboard as /devices/pci0000:00/0000:00:14.0/usb1/1-1/1-1:1.1/0003:1C4F:0016.0002/input/input7
[    1.448333] usb 1-2: new high-speed USB device number 3 using xhci_hcd
[    1.464548] hid-generic 0003:1C4F:0016.0002: input,hidraw1: USB HID v1.10 Device [SIGMACHIP USB Keyboard] on usb-0000:00:14.0-1/input1
[    1.576826] usb 1-2: New USB device found, idVendor=0781, idProduct=5567
[    1.576830] usb 1-2: New USB device strings: Mfr=1, Product=2, SerialNumber=3
[    1.576833] usb 1-2: Product: Cruzer Blade
[    1.576835] usb 1-2: Manufacturer: SanDisk
[    1.576837] usb 1-2: SerialNumber: 20060265920A097281E8
[    1.580175] usb-storage 1-2:1.0: USB Mass Storage device detected
[    1.580277] scsi host4: usb-storage 1-2:1.0
[    1.580338] usbcore: registered new interface driver usb-storage
[    1.581444] usbcore: registered new interface driver uas
[    1.744124] usb 1-3: new high-speed USB device number 4 using xhci_hcd
[    1.872054] tsc: Refined TSC clocksource calibration: 2294.687 MHz
[    1.873115] psmouse serio1: synaptics: queried max coordinates: x [..5696], y [..4884]
[    1.908755] psmouse serio1: synaptics: queried min coordinates: x [1276..], y [1044..]
[    1.926837] usb 1-3: New USB device found, idVendor=0bda, idProduct=571a
[    1.926840] usb 1-3: New USB device strings: Mfr=3, Product=1, SerialNumber=2
[    1.926843] usb 1-3: Product: HP Truevision HD
[    1.926845] usb 1-3: Manufacturer: DDFEP01RS4WDT4
[    1.926846] usb 1-3: SerialNumber: 200901010001
[    1.974980] psmouse serio1: synaptics: Touchpad model: 1, fw: 7.5, id: 0x1c0b1, caps: 0xf00133/0x240000/0xa2400, board id: 2665, fw id: 1458825
[    2.016552] input: SynPS/2 Synaptics TouchPad as /devices/platform/i8042/serio1/input/input5
[    2.095932] usb 1-6: new low-speed USB device number 5 using xhci_hcd
[    2.227038] usb 1-6: New USB device found, idVendor=093a, idProduct=2510
[    2.227042] usb 1-6: New USB device strings: Mfr=1, Product=2, SerialNumber=0
[    2.227045] usb 1-6: Product: USB OPTICAL MOUSE
[    2.227046] usb 1-6: Manufacturer: PIXART
[    2.227162] usb 1-6: ep 0x81 - rounding interval to 64 microframes, ep desc says 80 microframes
[    2.230089] input: PIXART USB OPTICAL MOUSE as /devices/pci0000:00/0000:00:14.0/usb1/1-6/1-6:1.0/0003:093A:2510.0003/input/input8
[    2.230230] hid-generic 0003:093A:2510.0003: input,hidraw2: USB HID v1.11 Mouse [PIXART USB OPTICAL MOUSE] on usb-0000:00:14.0-6/input0
[    2.443825] random: nonblocking pool is initialized
[    2.580017] scsi 4:0:0:0: Direct-Access     SanDisk  Cruzer Blade     1.01 PQ: 0 ANSI: 2
[    2.580340] sd 4:0:0:0: Attached scsi generic sg2 type 0
[    2.580549] sd 4:0:0:0: [sdb] 7821312 512-byte logical blocks: (4.00 GB/3.72 GiB)
[    2.581483] sd 4:0:0:0: [sdb] Write Protect is off
[    2.581487] sd 4:0:0:0: [sdb] Mode Sense: 03 00 00 00
[    2.581705] sd 4:0:0:0: [sdb] No Caching mode page found
[    2.581709] sd 4:0:0:0: [sdb] Assuming drive cache: write through
[    2.583739]  sdb: sdb1
[    2.584658] sd 4:0:0:0: [sdb] Attached SCSI removable disk
[    2.871690] Switched to clocksource tsc
[    7.596251] EXT4-fs (sda5): mounted filesystem with ordered data mode. Opts: (null)
[   14.309587] systemd-udevd[307]: starting version 204
[   14.378392] lp: driver loaded but no devices found
[   14.383304] ppdev: user-space parallel port driver
[   14.438920] Initializing HPQ6001 module
[   14.439003] input: HP Wireless hotkeys as /devices/virtual/input/input9
[   14.443383] hp_accel: laptop model unknown, using default axes configuration
[   14.450965] lis3lv02d: 8 bits 3DC sensor found
[   14.466794] [drm] Initialized drm 1.1.0 20060810
[   14.466898] shpchp: Standard Hot Plug PCI Controller Driver version: 0.4
[   14.493201] input: ST LIS3LV02DL Accelerometer as /devices/platform/lis3lv02d/input/input10
[   14.495218] wmi: Mapper loaded
[   14.499506] [drm] Memory usable by graphics device = 2048M
[   14.499512] checking generic (c0000000 410000) vs hw (c0000000 10000000)
[   14.499514] fb: switching to inteldrmfb from EFI VGA
[   14.499540] Console: switching to colour dummy device 80x25
[   14.499613] [drm] Replacing VGA console driver
[   14.524039] cfg80211: Calling CRDA to update world regulatory domain
[   14.524300] ACPI Warning: \_SB_.PCI0.GFX0._DSM: Argument #4 type mismatch - Found [Buffer], ACPI requires [Package] (20141107/nsarguments-95)
[   14.524376] ACPI Warning: \_SB_.PCI0.GFX0._DSM: Argument #4 type mismatch - Found [Buffer], ACPI requires [Package] (20141107/nsarguments-95)
[   14.524600] i915 0000:00:02.0: optimus capabilities: enabled, status dynamic power, 
[   14.524636] ACPI Warning: \_SB_.PCI0.RP05.PEGP._DSM: Argument #4 type mismatch - Found [Buffer], ACPI requires [Package] (20141107/nsarguments-95)
[   14.524691] ACPI Warning: \_SB_.PCI0.RP05.PEGP._DSM: Argument #4 type mismatch - Found [Buffer], ACPI requires [Package] (20141107/nsarguments-95)
[   14.524893] pci 0000:0a:00.0: optimus capabilities: enabled, status dynamic power, 
[   14.524896] VGA switcheroo: detected Optimus DSM method \_SB_.PCI0.RP05.PEGP handle
[   14.524950] nouveau 0000:0a:00.0: enabling device (0006 -> 0007)
[   14.525074] [drm] Supports vblank timestamp caching Rev 2 (21.10.2013).
[   14.525077] [drm] Driver supports precise vblank timestamp query.
[   14.525196] vgaarb: device changed decodes: PCI:0000:00:02.0,olddecodes=io+mem,decodes=io+mem:owns=io+mem
[   14.525797] audit: type=1400 audit(1454614389.081:2): apparmor="STATUS" operation="profile_load" profile="unconfined" name="/sbin/dhclient" pid=389 comm="apparmor_parser"
[   14.525805] audit: type=1400 audit(1454614389.081:3): apparmor="STATUS" operation="profile_load" profile="unconfined" name="/usr/lib/NetworkManager/nm-dhcp-client.action" pid=389 comm="apparmor_parser"
[   14.525809] audit: type=1400 audit(1454614389.081:4): apparmor="STATUS" operation="profile_load" profile="unconfined" name="/usr/lib/connman/scripts/dhclient-script" pid=389 comm="apparmor_parser"
[   14.526193] audit: type=1400 audit(1454614389.081:5): apparmor="STATUS" operation="profile_replace" profile="unconfined" name="/usr/lib/NetworkManager/nm-dhcp-client.action" pid=389 comm="apparmor_parser"
[   14.526199] audit: type=1400 audit(1454614389.081:6): apparmor="STATUS" operation="profile_replace" profile="unconfined" name="/usr/lib/connman/scripts/dhclient-script" pid=389 comm="apparmor_parser"
[   14.526448] audit: type=1400 audit(1454614389.081:7): apparmor="STATUS" operation="profile_replace" profile="unconfined" name="/usr/lib/connman/scripts/dhclient-script" pid=389 comm="apparmor_parser"
[   14.554220] ieee80211 phy0: rt2x00_set_rt: Info - RT chipset 3290, rev 0015 detected
[   14.562290] ieee80211 phy0: rt2x00_set_rf: Info - RF chipset 3290 detected
[   14.577928] ieee80211 phy0: Selected rate control algorithm 'minstrel_ht'
[   14.586370] AVX2 version of gcm_enc/dec engaged.
[   14.586374] AES CTR mode by8 optimization enabled
[   14.614078] [Firmware Bug]: ACPI(PEGP) defines _DOD but not _DOS
[   14.614528] ACPI: Video Device [PEGP] (multi-head: yes  rom: yes  post: no)
[   14.614536] ACPI Error: [\_SB_.PCI0.GFX0.DD02._BCL] Namespace lookup failure, AE_NOT_FOUND (20141107/psargs-359)
[   14.614543] ACPI Error: Method parse/execution failed [\_SB_.PCI0.RP05.PEGP.DD02._BCL] (Node ffff88015a8e29b0), AE_NOT_FOUND (20141107/psparse-536)
[   14.614639] input: Video Bus as /devices/LNXSYSTM:00/LNXSYBUS:00/PNP0A08:00/device:18/LNXVIDEO:00/input/input11
[   14.616135] fbcon: inteldrmfb (fb0) is primary device
[   14.616165] Console: switching to colour frame buffer device 170x48
[   14.616191] i915 0000:00:02.0: fb0: inteldrmfb frame buffer device
[   14.616193] i915 0000:00:02.0: registered panic notifier
[   14.616277] ACPI: Video Device [GFX0] (multi-head: yes  rom: no  post: no)
[   14.616542] input: Video Bus as /devices/LNXSYSTM:00/LNXSYBUS:00/PNP0A08:00/LNXVIDEO:01/input/input12
[   14.616643] [drm] Initialized i915 1.6.0 20141121 for 0000:00:02.0 on minor 0
[   14.616857] nouveau  [  DEVICE][0000:0a:00.0] BOOT0  : 0x108120a1
[   14.616861] nouveau  [  DEVICE][0000:0a:00.0] Chipset: GK208 (NV108)
[   14.616863] nouveau  [  DEVICE][0000:0a:00.0] Family : NVE0
[   14.616945] snd_hda_intel 0000:00:03.0: bound 0000:00:02.0 (ops i915_audio_component_bind_ops [i915])
[   14.650436] sound hdaudioC1D0: autoconfig: line_outs=1 (0x14/0x0/0x0/0x0/0x0) type:speaker
[   14.650443] sound hdaudioC1D0:    speaker_outs=0 (0x0/0x0/0x0/0x0/0x0)
[   14.650446] sound hdaudioC1D0:    hp_outs=1 (0x21/0x0/0x0/0x0/0x0)
[   14.650448] sound hdaudioC1D0:    mono: mono_out=0x0
[   14.650449] sound hdaudioC1D0:    inputs:
[   14.650452] sound hdaudioC1D0:      Mic=0x19
[   14.650455] sound hdaudioC1D0:      Internal Mic=0x12
[   14.654165] input: HDA Intel HDMI HDMI/DP,pcm=3 as /devices/pci0000:00/0000:00:03.0/sound/card0/input13
[   14.660941] input: HDA Intel PCH Mic as /devices/pci0000:00/0000:00:1b.0/sound/card1/input14
[   14.661093] input: HDA Intel PCH Headphone as /devices/pci0000:00/0000:00:1b.0/sound/card1/input15
[   14.701767] nouveau  [   VBIOS][0000:0a:00.0] using image from ACPI
[   14.701993] nouveau  [   VBIOS][0000:0a:00.0] BIT signature found
[   14.701998] nouveau  [   VBIOS][0000:0a:00.0] version 80.28.41.00.05
[   14.703676] nouveau  [ DEVINIT][0000:0a:00.0] adaptor not initialised
[   14.703708] nouveau  [   VBIOS][0000:0a:00.0] running init tables
[   14.768128] nouveau  [     PMC][0000:0a:00.0] MSI interrupts enabled
[   14.768172] nouveau E[   PIBUS][0000:0a:00.0] GPC0: 0x4188ac 0x00000001 (0x1a70822e)
[   14.768225] nouveau  [     PFB][0000:0a:00.0] RAM type: DDR3
[   14.768228] nouveau  [     PFB][0000:0a:00.0] RAM size: 2048 MiB
[   14.768230] nouveau  [     PFB][0000:0a:00.0]    ZCOMP: 0 tags
[   14.768289] nouveau E[   PIBUS][0000:0a:00.0] HUB0: 0x10ecc0 0xffffffff (0x1f70822c)
[   14.770273] nouveau  [    VOLT][0000:0a:00.0] GPU voltage: 600000uv
[   14.825160] kvm: disabled by bios
[   14.837571] intel_rapl: Found RAPL domain package
[   14.837575] intel_rapl: Found RAPL domain core
[   14.837577] intel_rapl: Found RAPL domain uncore
[   14.837579] intel_rapl: Found RAPL domain dram
[   14.841203] input: HP WMI hotkeys as /devices/virtual/input/input16
[   14.844305] media: Linux media interface: v0.10
[   14.855094] Linux video capture interface: v2.00
[   14.872595] nouveau  [  PTHERM][0000:0a:00.0] FAN control: none / external
[   14.872616] nouveau  [  PTHERM][0000:0a:00.0] fan management: automatic
[   14.872640] nouveau  [  PTHERM][0000:0a:00.0] internal sensor: yes
[   14.872703] nouveau  [     CLK][0000:0a:00.0] 07: core 405 MHz memory 810 MHz 
[   14.872836] nouveau  [     CLK][0000:0a:00.0] 0a: core 405-1058 MHz memory 1620 MHz 
[   14.872988] nouveau  [     CLK][0000:0a:00.0] 0f: core 405-1058 MHz memory 2002 MHz 
[   14.873082] nouveau  [     CLK][0000:0a:00.0] --: core 405 MHz memory 810 MHz 
[   14.888975] cfg80211: World regulatory domain updated:
[   14.888979] cfg80211:  DFS Master region: unset
[   14.888981] cfg80211:   (start_freq - end_freq @ bandwidth), (max_antenna_gain, max_eirp), (dfs_cac_time)
[   14.888984] cfg80211:   (2402000 KHz - 2472000 KHz @ 40000 KHz), (300 mBi, 2000 mBm), (N/A)
[   14.888987] cfg80211:   (2457000 KHz - 2482000 KHz @ 40000 KHz), (300 mBi, 2000 mBm), (N/A)
[   14.888989] cfg80211:   (2474000 KHz - 2494000 KHz @ 20000 KHz), (300 mBi, 2000 mBm), (N/A)
[   14.888991] cfg80211:   (5170000 KHz - 5250000 KHz @ 40000 KHz), (300 mBi, 2000 mBm), (N/A)
[   14.888994] cfg80211:   (5735000 KHz - 5835000 KHz @ 40000 KHz), (300 mBi, 2000 mBm), (N/A)
[   14.889102] nouveau E[    PBUS][0000:0a:00.0] MMIO read of 0x00000000 FAULT at 0x500c30 [ IBUS ]
[   14.889659] vga_switcheroo: enabled
[   14.889888] [TTM] Zone  kernel: Available graphics memory: 1906918 kiB
[   14.889890] [TTM] Initializing pool allocator
[   14.889894] [TTM] Initializing DMA pool allocator
[   14.889903] nouveau  [     DRM] VRAM: 2048 MiB
[   14.889904] nouveau  [     DRM] GART: 1048576 MiB
[   14.889907] nouveau W[     DRM] Pointer to TMDS table invalid
[   14.889909] nouveau  [     DRM] DCB version 4.0
[   14.889910] nouveau W[     DRM] Pointer to flat panel table invalid
[   14.898092] nouveau  [     DRM] MM: using COPY for buffer copies
[   14.898104] [drm] Initialized nouveau 1.2.1 20120801 for 0000:0a:00.0 on minor 1
[   14.912347] uvcvideo: Found UVC 1.00 device HP Truevision HD (0bda:571a)
[   14.924954] input: HP Truevision HD as /devices/pci0000:00/0000:00:14.0/usb1/1-3/1-3:1.0/input/input17
[   14.926185] usbcore: registered new interface driver uvcvideo
[   14.926188] USB Video Class driver (1.1.1)
[   19.412232] EXT4-fs (sda5): re-mounted. Opts: errors=remount-ro
[   19.894109] ACPI Warning: \_SB_.PCI0.RP05.PEGP._DSM: Argument #4 type mismatch - Found [Buffer], ACPI requires [Package] (20141107/nsarguments-95)
[   19.894265] ACPI: \_SB_.PCI0.RP05.PEGP: failed to evaluate _DSM
[   19.894271] ACPI Warning: \_SB_.PCI0.RP05.PEGP._DSM: Argument #4 type mismatch - Found [Buffer], ACPI requires [Package] (20141107/nsarguments-95)
[   20.039331] init: failsafe main process (752) killed by TERM signal
[   20.320883] Bluetooth: Core ver 2.20
[   20.320938] NET: Registered protocol family 31
[   20.320940] Bluetooth: HCI device and connection manager initialized
[   20.320945] Bluetooth: HCI socket layer initialized
[   20.320948] Bluetooth: L2CAP socket layer initialized
[   20.320954] Bluetooth: SCO socket layer initialized
[   20.326384] Bluetooth: BNEP (Ethernet Emulation) ver 1.3
[   20.326388] Bluetooth: BNEP filters: protocol multicast
[   20.326392] Bluetooth: BNEP socket layer initialized
[   20.327820] Bluetooth: RFCOMM TTY layer initialized
[   20.327829] Bluetooth: RFCOMM socket layer initialized
[   20.327836] Bluetooth: RFCOMM ver 1.11
[   20.336795] audit: type=1400 audit(1454614394.893:8): apparmor="STATUS" operation="profile_load" profile="unconfined" name="/usr/lib/cups/backend/cups-pdf" pid=881 comm="apparmor_parser"
[   20.336802] audit: type=1400 audit(1454614394.893:9): apparmor="STATUS" operation="profile_load" profile="unconfined" name="/usr/sbin/cupsd" pid=881 comm="apparmor_parser"
[   20.337131] audit: type=1400 audit(1454614394.893:10): apparmor="STATUS" operation="profile_replace" profile="unconfined" name="/usr/sbin/cupsd" pid=881 comm="apparmor_parser"
[   20.388622] audit: type=1400 audit(1454614394.945:11): apparmor="STATUS" operation="profile_load" profile="unconfined" name="/usr/lib/lightdm/lightdm-guest-session" pid=896 comm="apparmor_parser"
[   20.388632] audit: type=1400 audit(1454614394.945:12): apparmor="STATUS" operation="profile_load" profile="unconfined" name="chromium" pid=896 comm="apparmor_parser"
[   20.388965] audit: type=1400 audit(1454614394.945:13): apparmor="STATUS" operation="profile_replace" profile="unconfined" name="chromium" pid=896 comm="apparmor_parser"
[   20.392884] audit: type=1400 audit(1454614394.949:14): apparmor="STATUS" operation="profile_replace" profile="unconfined" name="/sbin/dhclient" pid=897 comm="apparmor_parser"
[   20.392894] audit: type=1400 audit(1454614394.949:15): apparmor="STATUS" operation="profile_replace" profile="unconfined" name="/usr/lib/NetworkManager/nm-dhcp-client.action" pid=897 comm="apparmor_parser"
[   20.392900] audit: type=1400 audit(1454614394.949:16): apparmor="STATUS" operation="profile_replace" profile="unconfined" name="/usr/lib/connman/scripts/dhclient-script" pid=897 comm="apparmor_parser"
[   20.393426] audit: type=1400 audit(1454614394.949:17): apparmor="STATUS" operation="profile_replace" profile="unconfined" name="/usr/lib/NetworkManager/nm-dhcp-client.action" pid=897 comm="apparmor_parser"
[   20.463732] init: cups main process (882) killed by HUP signal
[   20.463741] init: cups main process ended, respawning
[   21.411255] r8169 0000:09:00.0 eth0: link down
[   21.411277] r8169 0000:09:00.0 eth0: link down
[   21.411304] IPv6: ADDRCONF(NETDEV_UP): eth0: link is not ready
[   21.510063] init: samba-ad-dc main process (952) terminated with status 1
[   23.024177] r8169 0000:09:00.0 eth0: link up
[   23.024192] IPv6: ADDRCONF(NETDEV_CHANGE): eth0: link becomes ready
[   23.981232] nouveau E[   PIBUS][0000:0a:00.0] HUB0: 0x6013d4 0xffff57ff (0x1c708200)
[   23.981244] nouveau E[   PIBUS][0000:0a:00.0] GPC0: 0x4188ac 0x00000001 (0x1f70822e)
[   24.990339] init: plymouth-upstart-bridge main process ended, respawning
[   25.006277] init: plymouth-upstart-bridge main process ended, respawning
[   29.964506] ACPI Warning: \_SB_.PCI0.RP05.PEGP._DSM: Argument #4 type mismatch - Found [Buffer], ACPI requires [Package] (20141107/nsarguments-95)
[   29.964670] ACPI: \_SB_.PCI0.RP05.PEGP: failed to evaluate _DSM
[   29.964678] ACPI Warning: \_SB_.PCI0.RP05.PEGP._DSM: Argument #4 type mismatch - Found [Buffer], ACPI requires [Package] (20141107/nsarguments-95)
[   48.179371] init: ureadahead-other main process (2095) terminated with status 2
[   50.476938] audit_printk_skb: 132 callbacks suppressed
[   50.476941] audit: type=1400 audit(1454614425.049:62): apparmor="STATUS" operation="profile_replace" profile="unconfined" name="/usr/lib/cups/backend/cups-pdf" pid=2127 comm="apparmor_parser"
[   50.476948] audit: type=1400 audit(1454614425.049:63): apparmor="STATUS" operation="profile_replace" profile="unconfined" name="/usr/sbin/cupsd" pid=2127 comm="apparmor_parser"
[   50.477306] audit: type=1400 audit(1454614425.053:64): apparmor="STATUS" operation="profile_replace" profile="unconfined" name="/usr/sbin/cupsd" pid=2127 comm="apparmor_parser"
[   57.331054] usb 1-2: USB disconnect, device number 3
[   57.365402] FAT-fs (sdb1): unable to read boot sector to mark fs as dirty
[   69.674390] usb 1-2: new high-speed USB device number 6 using xhci_hcd
[   69.803132] usb 1-2: New USB device found, idVendor=0781, idProduct=5567
[   69.803137] usb 1-2: New USB device strings: Mfr=1, Product=2, SerialNumber=3
[   69.803139] usb 1-2: Product: Cruzer Blade
[   69.803141] usb 1-2: Manufacturer: SanDisk
[   69.803143] usb 1-2: SerialNumber: 20060265920A097281E8
[   69.803562] usb-storage 1-2:1.0: USB Mass Storage device detected
[   69.803666] scsi host5: usb-storage 1-2:1.0
[   70.802250] scsi 5:0:0:0: Direct-Access     SanDisk  Cruzer Blade     1.01 PQ: 0 ANSI: 2
[   70.803187] sd 5:0:0:0: Attached scsi generic sg2 type 0
[   70.803729] sd 5:0:0:0: [sdb] 7821312 512-byte logical blocks: (4.00 GB/3.72 GiB)
[   70.807230] sd 5:0:0:0: [sdb] Write Protect is off
[   70.807236] sd 5:0:0:0: [sdb] Mode Sense: 03 00 00 00
[   70.808474] sd 5:0:0:0: [sdb] No Caching mode page found
[   70.808479] sd 5:0:0:0: [sdb] Assuming drive cache: write through
[   70.813899]  sdb: sdb1
[   70.814795] sd 5:0:0:0: [sdb] Attached SCSI removable disk
[   70.995725] FAT-fs (sdb1): Volume was not properly unmounted. Some data may be corrupt. Please run fsck.
[   72.824897] systemd-hostnamed[2282]: Warning: nss-myhostname is not installed. Changing the local hostname might make it unresolveable. Please install nss-myhostname!
[   86.077095] init: ureadahead-other main process (2299) terminated with status 2
[   90.566135] init: ureadahead-other main process (2306) terminated with status 2
[   92.988784] init: ureadahead-other main process (2323) terminated with status 2
[ 6860.925027] systemd-hostnamed[3943]: Warning: nss-myhostname is not installed. Changing the local hostname might make it unresolveable. Please install nss-myhostname!
[ 8192.768785] usb 1-2: USB disconnect, device number 6
[ 8204.734653] usb 1-2: new high-speed USB device number 7 using xhci_hcd
[ 8204.863398] usb 1-2: New USB device found, idVendor=0781, idProduct=5567
[ 8204.863403] usb 1-2: New USB device strings: Mfr=1, Product=2, SerialNumber=3
[ 8204.863406] usb 1-2: Product: Cruzer Blade
[ 8204.863408] usb 1-2: Manufacturer: SanDisk
[ 8204.863410] usb 1-2: SerialNumber: 20060265920A097281E8
[ 8204.863840] usb-storage 1-2:1.0: USB Mass Storage device detected
[ 8204.864007] scsi host6: usb-storage 1-2:1.0
[ 8205.862673] scsi 6:0:0:0: Direct-Access     SanDisk  Cruzer Blade     1.01 PQ: 0 ANSI: 2
[ 8205.863152] sd 6:0:0:0: Attached scsi generic sg2 type 0
[ 8205.863738] sd 6:0:0:0: [sdb] 7821312 512-byte logical blocks: (4.00 GB/3.72 GiB)
[ 8205.864848] sd 6:0:0:0: [sdb] Write Protect is off
[ 8205.864856] sd 6:0:0:0: [sdb] Mode Sense: 03 00 00 00
[ 8205.865515] sd 6:0:0:0: [sdb] No Caching mode page found
[ 8205.865522] sd 6:0:0:0: [sdb] Assuming drive cache: write through
[ 8205.874054]  sdb: sdb1
[ 8205.875664] sd 6:0:0:0: [sdb] Attached SCSI removable disk
[ 8206.110168] FAT-fs (sdb1): Volume was not properly unmounted. Some data may be corrupt. Please run fsck.
[ 8246.648053] perf interrupt took too long (2583 > 2500), lowering kernel.perf_event_max_sample_rate to 50000
[10113.018021] systemd-hostnamed[9591]: Warning: nss-myhostname is not installed. Changing the local hostname might make it unresolveable. Please install nss-myhostname!
[10899.402599] i915 0000:00:02.0: BAR 6: [??? 0x00000000 flags 0x2] has bogus alignment
[10899.402713] i915 0000:00:02.0: BAR 6: [??? 0x00000000 flags 0x2] has bogus alignment
[10899.402857] i915 0000:00:02.0: BAR 6: [??? 0x00000000 flags 0x2] has bogus alignment
[10899.402890] i915 0000:00:02.0: BAR 6: [??? 0x00000000 flags 0x2] has bogus alignment
[10899.402989] i915 0000:00:02.0: BAR 6: [??? 0x00000000 flags 0x2] has bogus alignment
[10899.403294] i915 0000:00:02.0: BAR 6: [??? 0x00000000 flags 0x2] has bogus alignment
[10899.404137] i915 0000:00:02.0: BAR 6: [??? 0x00000000 flags 0x2] has bogus alignment
[10899.404250] i915 0000:00:02.0: BAR 6: [??? 0x00000000 flags 0x2] has bogus alignment
[10899.404344] i915 0000:00:02.0: BAR 6: [??? 0x00000000 flags 0x2] has bogus alignment
[10899.404372] i915 0000:00:02.0: BAR 6: [??? 0x00000000 flags 0x2] has bogus alignment
[10899.404464] i915 0000:00:02.0: BAR 6: [??? 0x00000000 flags 0x2] has bogus alignment
[10899.404755] i915 0000:00:02.0: BAR 6: [??? 0x00000000 flags 0x2] has bogus alignment
[12762.237012] PM: Syncing filesystems ... done.
[12762.367671] PM: Preparing system for mem sleep
[12762.368082] Freezing user space processes ... (elapsed 0.003 seconds) done.
[12762.371877] Freezing remaining freezable tasks ... (elapsed 0.001 seconds) done.
[12762.373502] PM: Entering mem sleep
[12762.373520] Suspending console(s) (use no_console_suspend to debug)
[12762.373989] sd 0:0:0:0: [sda] Synchronizing SCSI cache
[12762.381427] sd 0:0:0:0: [sda] Stopping disk
[12762.420540] i8042 aux 00:03: System wakeup disabled by ACPI
[12762.420575] i8042 kbd 00:02: System wakeup enabled by ACPI
[12762.995076] nouveau E[   PIBUS][0000:0a:00.0] HUB0: 0x6013d4 0xffff57ff (0x1c708200)
[12762.995085] nouveau E[   PIBUS][0000:0a:00.0] GPC0: 0x4188ac 0x00000001 (0x1f70822e)
[12763.048256] nouveau  [     DRM] evicting buffers...
[12763.048257] nouveau  [     DRM] waiting for kernel channels to go idle...
[12763.048282] nouveau  [     DRM] suspending client object trees...
[12763.050619] nouveau  [     DRM] suspending kernel object tree...
[12764.037221] PM: suspend of devices complete after 1664.420 msecs
[12764.061078] ------------[ cut here ]------------
[12764.061119] WARNING: CPU: 1 PID: 10078 at /build/linux-lts-vivid-LIqOuh/linux-lts-vivid-3.19.0/drivers/gpu/drm/i915/intel_display.c:7823 hsw_enable_pc8+0x58a/0x630 [i915]()
[12764.061120] SPLL enabled
[12764.061153] Modules linked in: rfcomm bnep bluetooth binfmt_misc nls_iso8859_1 uvcvideo videobuf2_vmalloc videobuf2_memops videobuf2_core v4l2_common videodev media intel_rapl iosf_mbi x86_pkg_temp_thermal hp_wmi sparse_keymap intel_powerclamp coretemp kvm crct10dif_pclmul crc32_pclmul snd_hda_codec_realtek snd_hda_codec_hdmi snd_hda_codec_generic aesni_intel aes_x86_64 lrw gf128mul glue_helper ablk_helper cryptd arc4 snd_hda_intel snd_hda_controller snd_hda_codec snd_hwdep rt2800pci rt2800mmio rt2800lib rt2x00pci rt2x00mmio rt2x00lib mac80211 joydev snd_pcm serio_raw nouveau snd_seq_midi snd_seq_midi_event cfg80211 snd_rawmidi mxm_wmi snd_seq eeprom_93cx6 crc_ccitt i915 ttm mei_me mei snd_seq_device lpc_ich snd_timer drm_kms_helper snd shpchp soundcore drm i2c_algo_bit wmi hp_accel video lis3lv02d input_polldev hp_wireless mac_hid parport_pc ppdev lp parport uas usb_storage hid_generic usbhid hid psmouse ahci r8169 libahci mii
[12764.061166] CPU: 1 PID: 10078 Comm: kworker/u16:16 Tainted: G          I    3.19.0-49-generic #55~14.04.1-Ubuntu
[12764.061167] Hardware name: Hewlett-Packard HP Pavilion 15 Notebook PC/2166, BIOS F.23 09/26/2013
[12764.061171] Workqueue: events_unbound async_run_entry_fn
[12764.061174]  ffffffffc0399320 ffff8800111e7bd8 ffffffff817b01b5 ffffffff81c54578
[12764.061176]  ffff8800111e7c28 ffff8800111e7c18 ffffffff81074dea 00000001002f92f1
[12764.061178]  ffff880078850000 ffff880077c62b80 ffff880077c62b90 ffff880077c62800
[12764.061179] Call Trace:
[12764.061188]  [<ffffffff817b01b5>] dump_stack+0x45/0x57
[12764.061191]  [<ffffffff81074dea>] warn_slowpath_common+0x8a/0xc0
[12764.061193]  [<ffffffff81074e66>] warn_slowpath_fmt+0x46/0x50
[12764.061218]  [<ffffffffc034470a>] hsw_enable_pc8+0x58a/0x630 [i915]
[12764.061228]  [<ffffffffc02d901b>] intel_suspend_complete+0x10b/0x6f0 [i915]
[12764.061239]  [<ffffffffc02d9622>] i915_drm_suspend_late+0x22/0x80 [i915]
[12764.061249]  [<ffffffffc02d9770>] ? i915_pm_poweroff_late+0x30/0x30 [i915]
[12764.061260]  [<ffffffffc02d9799>] i915_pm_suspend_late+0x29/0x30 [i915]
[12764.061263]  [<ffffffff8150207e>] dpm_run_callback+0x4e/0x100
[12764.061266]  [<ffffffff81502a50>] __device_suspend_late+0xb0/0x1a0
[12764.061268]  [<ffffffff81502b5f>] async_suspend_late+0x1f/0xa0
[12764.061270]  [<ffffffff8109654c>] async_run_entry_fn+0x4c/0x160
[12764.061273]  [<ffffffff8108dc5f>] process_one_work+0x14f/0x400
[12764.061275]  [<ffffffff8108e3f8>] worker_thread+0x118/0x510
[12764.061278]  [<ffffffff8108e2e0>] ? rescuer_thread+0x3d0/0x3d0
[12764.061280]  [<ffffffff810938d2>] kthread+0xd2/0xf0
[12764.061283]  [<ffffffff81093800>] ? kthread_create_on_node+0x1c0/0x1c0
[12764.061287]  [<ffffffff817b7b58>] ret_from_fork+0x58/0x90
[12764.061290]  [<ffffffff81093800>] ? kthread_create_on_node+0x1c0/0x1c0
[12764.061291] ---[ end trace f5a577e0ace92196 ]---
[12764.085099] PM: late suspend of devices complete after 47.898 msecs
[12764.085650] r8169 0000:09:00.0: System wakeup enabled by ACPI
[12764.085704] ehci-pci 0000:00:1d.0: System wakeup enabled by ACPI
[12764.085875] xhci_hcd 0000:00:14.0: System wakeup enabled by ACPI
[12764.101051] PM: noirq suspend of devices complete after 15.957 msecs
[12764.101420] ACPI: Preparing to enter system sleep state S3
[12764.161099] PM: Saving platform NVS memory
[12764.161104] Disabling non-boot CPUs ...
[12764.161147] intel_pstate CPU 1 exiting
[12764.162385] smpboot: CPU 1 is now offline
[12764.162752] intel_pstate CPU 2 exiting
[12764.163950] smpboot: CPU 2 is now offline
[12764.164261] intel_pstate CPU 3 exiting
[12764.164392] Broke affinity for irq 23
[12764.164401] Broke affinity for irq 40
[12764.164402] Broke affinity for irq 41
[12764.165421] smpboot: CPU 3 is now offline
[12764.167099] ACPI: Low-level resume complete
[12764.167162] PM: Restoring platform NVS memory
[12764.167561] Enabling non-boot CPUs ...
[12764.167604] x86: Booting SMP configuration:
[12764.167605] smpboot: Booting Node 0 Processor 1 APIC 0x1
[12764.182314] CPU1 is up
[12764.182342] smpboot: Booting Node 0 Processor 2 APIC 0x2
[12764.197035] CPU2 is up
[12764.197065] smpboot: Booting Node 0 Processor 3 APIC 0x3
[12764.211805] CPU3 is up
[12764.216790] ACPI: Waking up from system sleep state S3
[12765.574245] xhci_hcd 0000:00:14.0: System wakeup disabled by ACPI
[12765.574275] ehci-pci 0000:00:1d.0: System wakeup disabled by ACPI
[12765.574630] PM: noirq resume of devices complete after 16.587 msecs
[12765.598230] PM: early resume of devices complete after 23.380 msecs
[12765.598545] nouveau  [     DRM] re-enabling device...
[12765.598564] nouveau  [     DRM] resuming kernel object tree...
[12765.598610] nouveau  [   VBIOS][0000:0a:00.0] running init tables
[12765.598734] r8169 0000:09:00.0: System wakeup disabled by ACPI
[12765.599176] sd 0:0:0:0: [sda] Starting disk
[12765.641422] nouveau E[   PIBUS][0000:0a:00.0] GPC0: 0x4188ac 0x00000001 (0x1d70822e)
[12765.641443] nouveau E[   PIBUS][0000:0a:00.0] HUB0: 0x10ecc0 0xffffffff (0x1b70822c)
[12765.641999] rtc_cmos 00:01: System wakeup disabled by ACPI
[12765.642029] i8042 kbd 00:02: System wakeup disabled by ACPI
[12765.725291] nouveau  [    VOLT][0000:0a:00.0] GPU voltage: 600000uv
[12765.725302] nouveau  [  PTHERM][0000:0a:00.0] fan management: automatic
[12765.725468] nouveau  [     CLK][0000:0a:00.0] --: core 405 MHz memory 810 MHz 
[12765.726051] nouveau  [     DRM] resuming client object trees...
[12765.917856] ata2: SATA link up 1.5 Gbps (SStatus 113 SControl 300)
[12765.918069] usb 1-3: reset high-speed USB device number 4 using xhci_hcd
[12765.924852] ata2.00: configured for UDMA/100
[12766.148386] xhci_hcd 0000:00:14.0: xHCI xhci_drop_endpoint called with disabled ep ffff8801582e1de0
[12766.361774] usb 1-6: reset low-speed USB device number 5 using xhci_hcd
[12766.471202] psmouse serio1: synaptics: queried max coordinates: x [..5696], y [..4884]
[12766.506979] psmouse serio1: synaptics: queried min coordinates: x [1276..], y [1044..]
[12766.638875] xhci_hcd 0000:00:14.0: xHCI xhci_drop_endpoint called with disabled ep ffff8801582e11e0
[12766.638884] usb 1-6: ep 0x81 - rounding interval to 64 microframes, ep desc says 80 microframes
[12766.641830] PM: resume of devices complete after 1044.176 msecs
[12766.642127] PM: Finishing wakeup.
[12766.642128] Restarting tasks ... done.
[12767.149198] ata1: SATA link up 3.0 Gbps (SStatus 123 SControl 300)
[12767.153052] ata1.00: configured for UDMA/133
[12767.491112] r8169 0000:09:00.0 eth0: link down
[12767.491368] r8169 0000:09:00.0 eth0: link down
[12767.491649] IPv6: ADDRCONF(NETDEV_UP): eth0: link is not ready
[12769.077577] r8169 0000:09:00.0 eth0: link up
[12769.077592] IPv6: ADDRCONF(NETDEV_CHANGE): eth0: link becomes ready
[12771.750642] ACPI Warning: \_SB_.PCI0.RP05.PEGP._DSM: Argument #4 type mismatch - Found [Buffer], ACPI requires [Package] (20141107/nsarguments-95)
[12771.750776] ACPI: \_SB_.PCI0.RP05.PEGP: failed to evaluate _DSM
[12771.750779] ACPI Warning: \_SB_.PCI0.RP05.PEGP._DSM: Argument #4 type mismatch - Found [Buffer], ACPI requires [Package] (20141107/nsarguments-95)
[12995.845201] i915 0000:00:02.0: BAR 6: [??? 0x00000000 flags 0x2] has bogus alignment
[12995.845286] i915 0000:00:02.0: BAR 6: [??? 0x00000000 flags 0x2] has bogus alignment
[12995.845360] i915 0000:00:02.0: BAR 6: [??? 0x00000000 flags 0x2] has bogus alignment
[12995.845382] i915 0000:00:02.0: BAR 6: [??? 0x00000000 flags 0x2] has bogus alignment
[12995.845451] i915 0000:00:02.0: BAR 6: [??? 0x00000000 flags 0x2] has bogus alignment
[12995.845672] i915 0000:00:02.0: BAR 6: [??? 0x00000000 flags 0x2] has bogus alignment
[12995.846359] i915 0000:00:02.0: BAR 6: [??? 0x00000000 flags 0x2] has bogus alignment
[12995.846437] i915 0000:00:02.0: BAR 6: [??? 0x00000000 flags 0x2] has bogus alignment
[12995.846505] i915 0000:00:02.0: BAR 6: [??? 0x00000000 flags 0x2] has bogus alignment
[12995.846526] i915 0000:00:02.0: BAR 6: [??? 0x00000000 flags 0x2] has bogus alignment
[12995.846593] i915 0000:00:02.0: BAR 6: [??? 0x00000000 flags 0x2] has bogus alignment
[12995.846863] i915 0000:00:02.0: BAR 6: [??? 0x00000000 flags 0x2] has bogus alignment
[14792.211234] PM: Syncing filesystems ... done.
[14792.331747] PM: Preparing system for mem sleep
[14792.331910] Freezing user space processes ... (elapsed 0.001 seconds) done.
[14792.333567] Freezing remaining freezable tasks ... (elapsed 0.001 seconds) done.
[14792.334702] PM: Entering mem sleep
[14792.334717] Suspending console(s) (use no_console_suspend to debug)
[14792.335128] sd 0:0:0:0: [sda] Synchronizing SCSI cache
[14792.335248] sd 0:0:0:0: [sda] Stopping disk
[14792.382960] i8042 aux 00:03: System wakeup disabled by ACPI
[14792.382974] i8042 kbd 00:02: System wakeup enabled by ACPI
[14792.956695] nouveau E[   PIBUS][0000:0a:00.0] HUB0: 0x10ecc0 0xffffffff (0x1970822c)
[14792.956703] nouveau E[   PIBUS][0000:0a:00.0] GPC0: 0x4188ac 0x00000001 (0x1e70822e)
[14793.009896] nouveau  [     DRM] evicting buffers...
[14793.009897] nouveau  [     DRM] waiting for kernel channels to go idle...
[14793.009932] nouveau  [     DRM] suspending client object trees...
[14793.012243] nouveau  [     DRM] suspending kernel object tree...
[14794.001234] PM: suspend of devices complete after 1667.313 msecs
[14794.049122] PM: late suspend of devices complete after 47.898 msecs
[14794.049585] r8169 0000:09:00.0: System wakeup enabled by ACPI
[14794.049625] ehci-pci 0000:00:1d.0: System wakeup enabled by ACPI
[14794.049809] xhci_hcd 0000:00:14.0: System wakeup enabled by ACPI
[14794.065075] PM: noirq suspend of devices complete after 15.960 msecs
[14794.065332] ACPI: Preparing to enter system sleep state S3
[14794.125096] PM: Saving platform NVS memory
[14794.125099] Disabling non-boot CPUs ...
[14794.125135] intel_pstate CPU 1 exiting
[14794.126322] smpboot: CPU 1 is now offline
[14794.126625] intel_pstate CPU 2 exiting
[14794.127790] smpboot: CPU 2 is now offline
[14794.128072] intel_pstate CPU 3 exiting
[14794.129221] smpboot: CPU 3 is now offline
[14794.130904] ACPI: Low-level resume complete
[14794.130967] PM: Restoring platform NVS memory
[14794.131365] Enabling non-boot CPUs ...
[14794.131408] x86: Booting SMP configuration:
[14794.131409] smpboot: Booting Node 0 Processor 1 APIC 0x1
[14794.146122] CPU1 is up
[14794.146152] smpboot: Booting Node 0 Processor 2 APIC 0x2
[14794.160955] CPU2 is up
[14794.160986] smpboot: Booting Node 0 Processor 3 APIC 0x3
[14794.175738] CPU3 is up
[14794.180721] ACPI: Waking up from system sleep state S3
[14795.538210] ehci-pci 0000:00:1d.0: System wakeup disabled by ACPI
[14795.538406] xhci_hcd 0000:00:14.0: System wakeup disabled by ACPI
[14795.538670] PM: noirq resume of devices complete after 16.605 msecs
[14795.562251] PM: early resume of devices complete after 23.559 msecs
[14795.562508] nouveau  [     DRM] re-enabling device...
[14795.562525] nouveau  [     DRM] resuming kernel object tree...
[14795.562568] nouveau  [   VBIOS][0000:0a:00.0] running init tables
[14795.564807] r8169 0000:09:00.0: System wakeup disabled by ACPI
[14795.566205] sd 0:0:0:0: [sda] Starting disk
[14795.610038] rtc_cmos 00:01: System wakeup disabled by ACPI
[14795.610070] i8042 kbd 00:02: System wakeup disabled by ACPI
[14795.625196] nouveau E[   PIBUS][0000:0a:00.0] GPC0: 0x4188ac 0x00000001 (0x1e70822e)
[14795.625224] nouveau E[   PIBUS][0000:0a:00.0] HUB0: 0x10ecc0 0xffffffff (0x1c70822c)
[14795.709206] nouveau  [    VOLT][0000:0a:00.0] GPU voltage: 600000uv
[14795.709217] nouveau  [  PTHERM][0000:0a:00.0] fan management: automatic
[14795.709383] nouveau  [     CLK][0000:0a:00.0] --: core 405 MHz memory 810 MHz 
[14795.709994] nouveau  [     DRM] resuming client object trees...
[14795.881881] ata2: SATA link up 1.5 Gbps (SStatus 113 SControl 300)
[14795.882110] usb 1-3: reset high-speed USB device number 4 using xhci_hcd
[14795.888717] ata2.00: configured for UDMA/100
[14796.112337] xhci_hcd 0000:00:14.0: xHCI xhci_drop_endpoint called with disabled ep ffff8801582e1de0
[14796.116897] PM: resume of devices complete after 554.950 msecs
[14796.117146] PM: Finishing wakeup.
[14796.117148] Restarting tasks ... done.
[14796.440673] psmouse serio1: synaptics: queried max coordinates: x [..5696], y [..4884]
[14796.475704] psmouse serio1: synaptics: queried min coordinates: x [1276..], y [1044..]
[14797.121156] ata1: SATA link up 3.0 Gbps (SStatus 123 SControl 300)
[14797.124732] ata1.00: configured for UDMA/133
[14797.415074] r8169 0000:09:00.0 eth0: link down
[14797.415159] r8169 0000:09:00.0 eth0: link down
[14797.415343] IPv6: ADDRCONF(NETDEV_UP): eth0: link is not ready
[14799.086183] r8169 0000:09:00.0 eth0: link up
[14799.086192] IPv6: ADDRCONF(NETDEV_CHANGE): eth0: link becomes ready
[14801.614724] ACPI Warning: \_SB_.PCI0.RP05.PEGP._DSM: Argument #4 type mismatch - Found [Buffer], ACPI requires [Package] (20141107/nsarguments-95)
[14801.614837] ACPI: \_SB_.PCI0.RP05.PEGP: failed to evaluate _DSM
[14801.614841] ACPI Warning: \_SB_.PCI0.RP05.PEGP._DSM: Argument #4 type mismatch - Found [Buffer], ACPI requires [Package] (20141107/nsarguments-95)
[16702.207451] systemd-hostnamed[11370]: Warning: nss-myhostname is not installed. Changing the local hostname might make it unresolveable. Please install nss-myhostname!
[20404.294128] init: anacron main process (12373) killed by TERM signal
[20404.599864] PM: Syncing filesystems ... done.
[20404.774541] PM: Preparing system for mem sleep
[20404.774690] Freezing user space processes ... (elapsed 0.001 seconds) done.
[20404.776173] Freezing remaining freezable tasks ... (elapsed 0.001 seconds) done.
[20404.777320] PM: Entering mem sleep
[20404.777334] Suspending console(s) (use no_console_suspend to debug)
[20404.777656] sd 0:0:0:0: [sda] Synchronizing SCSI cache
[20404.812822] sd 0:0:0:0: [sda] Stopping disk
[20404.823796] i8042 aux 00:03: System wakeup disabled by ACPI
[20404.823809] i8042 kbd 00:02: System wakeup enabled by ACPI
[20405.398808] nouveau E[   PIBUS][0000:0a:00.0] HUB0: 0x6013d4 0x00005700 (0x1c708200)
[20405.398816] nouveau E[   PIBUS][0000:0a:00.0] GPC0: 0x4188ac 0x00000001 (0x1e70822e)
[20405.451974] nouveau  [     DRM] evicting buffers...
[20405.451975] nouveau  [     DRM] waiting for kernel channels to go idle...
[20405.452008] nouveau  [     DRM] suspending client object trees...
[20405.454301] nouveau  [     DRM] suspending kernel object tree...
[20406.443310] PM: suspend of devices complete after 1666.782 msecs
[20406.491234] PM: late suspend of devices complete after 47.946 msecs
[20406.491765] r8169 0000:09:00.0: System wakeup enabled by ACPI
[20406.491785] ehci-pci 0000:00:1d.0: System wakeup enabled by ACPI
[20406.491890] xhci_hcd 0000:00:14.0: System wakeup enabled by ACPI
[20406.507192] PM: noirq suspend of devices complete after 15.964 msecs
[20406.507449] ACPI: Preparing to enter system sleep state S3
[20406.567218] PM: Saving platform NVS memory
[20406.567222] Disabling non-boot CPUs ...
[20406.567253] intel_pstate CPU 1 exiting
[20406.568696] smpboot: CPU 1 is now offline
[20406.568944] intel_pstate CPU 2 exiting
[20406.570112] smpboot: CPU 2 is now offline
[20406.570630] intel_pstate CPU 3 exiting
[20406.570764] Broke affinity for irq 23
[20406.570773] Broke affinity for irq 41
[20406.571786] smpboot: CPU 3 is now offline
[20406.573473] ACPI: Low-level resume complete
[20406.573536] PM: Restoring platform NVS memory
[20406.573937] Enabling non-boot CPUs ...
[20406.573981] x86: Booting SMP configuration:
[20406.573982] smpboot: Booting Node 0 Processor 1 APIC 0x1
[20406.588685] CPU1 is up
[20406.588712] smpboot: Booting Node 0 Processor 2 APIC 0x2
[20406.603410] CPU2 is up
[20406.603441] smpboot: Booting Node 0 Processor 3 APIC 0x3
[20406.618187] CPU3 is up
[20406.623233] ACPI: Waking up from system sleep state S3
[20407.980521] xhci_hcd 0000:00:14.0: System wakeup disabled by ACPI
[20407.980619] ehci-pci 0000:00:1d.0: System wakeup disabled by ACPI
[20407.980754] PM: noirq resume of devices complete after 16.581 msecs
[20408.004301] PM: early resume of devices complete after 23.336 msecs
[20408.004578] nouveau  [     DRM] re-enabling device...
[20408.004598] nouveau  [     DRM] resuming kernel object tree...
[20408.004642] nouveau  [   VBIOS][0000:0a:00.0] running init tables
[20408.004714] r8169 0000:09:00.0: System wakeup disabled by ACPI
[20408.005947] sd 0:0:0:0: [sda] Starting disk
[20408.048158] rtc_cmos 00:01: System wakeup disabled by ACPI
[20408.048194] i8042 kbd 00:02: System wakeup disabled by ACPI
[20408.067277] nouveau E[   PIBUS][0000:0a:00.0] GPC0: 0x4188ac 0x00000001 (0x1e70822e)
[20408.067299] nouveau E[   PIBUS][0000:0a:00.0] HUB0: 0x10ecc0 0xffffffff (0x1c70822c)
[20408.151154] nouveau  [    VOLT][0000:0a:00.0] GPU voltage: 600000uv
[20408.151165] nouveau  [  PTHERM][0000:0a:00.0] fan management: automatic
[20408.151341] nouveau  [     CLK][0000:0a:00.0] --: core 405 MHz memory 810 MHz 
[20408.151920] nouveau  [     DRM] resuming client object trees...
[20408.323998] ata2: SATA link up 1.5 Gbps (SStatus 113 SControl 300)
[20408.330964] ata2.00: configured for UDMA/100
[20408.336139] usb 1-3: reset high-speed USB device number 4 using xhci_hcd
[20408.509468] xhci_hcd 0000:00:14.0: xHCI xhci_drop_endpoint called with disabled ep ffff8801582e1de0
[20408.513810] PM: resume of devices complete after 509.787 msecs
[20408.514060] PM: Finishing wakeup.
[20408.514061] Restarting tasks ... done.
[20408.868963] psmouse serio1: synaptics: queried max coordinates: x [..5696], y [..4884]
[20408.903373] psmouse serio1: synaptics: queried min coordinates: x [1276..], y [1044..]
[20409.555283] ata1: SATA link up 3.0 Gbps (SStatus 123 SControl 300)
[20409.558870] ata1.00: configured for UDMA/133
[20409.829200] r8169 0000:09:00.0 eth0: link down
[20409.829223] r8169 0000:09:00.0 eth0: link down
[20409.829240] IPv6: ADDRCONF(NETDEV_UP): eth0: link is not ready
[20411.415736] r8169 0000:09:00.0 eth0: link up
[20411.415750] IPv6: ADDRCONF(NETDEV_CHANGE): eth0: link becomes ready
[20413.521105] ACPI Warning: \_SB_.PCI0.RP05.PEGP._DSM: Argument #4 type mismatch - Found [Buffer], ACPI requires [Package] (20141107/nsarguments-95)
[20413.521210] ACPI: \_SB_.PCI0.RP05.PEGP: failed to evaluate _DSM
[20413.521213] ACPI Warning: \_SB_.PCI0.RP05.PEGP._DSM: Argument #4 type mismatch - Found [Buffer], ACPI requires [Package] (20141107/nsarguments-95)
[26176.330391] systemd-hostnamed[14258]: Warning: nss-myhostname is not installed. Changing the local hostname might make it unresolveable. Please install nss-myhostname!
[26615.449370] systemd-hostnamed[14371]: Warning: nss-myhostname is not installed. Changing the local hostname might make it unresolveable. Please install nss-myhostname!
[26676.711255] i915 0000:00:02.0: BAR 6: [??? 0x00000000 flags 0x2] has bogus alignment
[26676.711426] i915 0000:00:02.0: BAR 6: [??? 0x00000000 flags 0x2] has bogus alignment
[26676.711535] i915 0000:00:02.0: BAR 6: [??? 0x00000000 flags 0x2] has bogus alignment
[26676.711564] i915 0000:00:02.0: BAR 6: [??? 0x00000000 flags 0x2] has bogus alignment
[26676.711703] i915 0000:00:02.0: BAR 6: [??? 0x00000000 flags 0x2] has bogus alignment
[26676.712049] i915 0000:00:02.0: BAR 6: [??? 0x00000000 flags 0x2] has bogus alignment
[26676.712933] i915 0000:00:02.0: BAR 6: [??? 0x00000000 flags 0x2] has bogus alignment
[26676.713036] i915 0000:00:02.0: BAR 6: [??? 0x00000000 flags 0x2] has bogus alignment
[26676.713129] i915 0000:00:02.0: BAR 6: [??? 0x00000000 flags 0x2] has bogus alignment
[26676.713157] i915 0000:00:02.0: BAR 6: [??? 0x00000000 flags 0x2] has bogus alignment
[26676.713248] i915 0000:00:02.0: BAR 6: [??? 0x00000000 flags 0x2] has bogus alignment
[26676.713540] i915 0000:00:02.0: BAR 6: [??? 0x00000000 flags 0x2] has bogus alignment
[26876.648053] i915 0000:00:02.0: BAR 6: [??? 0x00000000 flags 0x2] has bogus alignment
[26876.648155] i915 0000:00:02.0: BAR 6: [??? 0x00000000 flags 0x2] has bogus alignment
[26876.648263] i915 0000:00:02.0: BAR 6: [??? 0x00000000 flags 0x2] has bogus alignment
[26876.648297] i915 0000:00:02.0: BAR 6: [??? 0x00000000 flags 0x2] has bogus alignment
[26876.648419] i915 0000:00:02.0: BAR 6: [??? 0x00000000 flags 0x2] has bogus alignment
[26876.648679] i915 0000:00:02.0: BAR 6: [??? 0x00000000 flags 0x2] has bogus alignment
[26876.649299] i915 0000:00:02.0: BAR 6: [??? 0x00000000 flags 0x2] has bogus alignment
[26876.649372] i915 0000:00:02.0: BAR 6: [??? 0x00000000 flags 0x2] has bogus alignment
[26876.649439] i915 0000:00:02.0: BAR 6: [??? 0x00000000 flags 0x2] has bogus alignment
[26876.649460] i915 0000:00:02.0: BAR 6: [??? 0x00000000 flags 0x2] has bogus alignment
[26876.649526] i915 0000:00:02.0: BAR 6: [??? 0x00000000 flags 0x2] has bogus alignment
[26876.649738] i915 0000:00:02.0: BAR 6: [??? 0x00000000 flags 0x2] has bogus alignment
[27630.020897] systemd-hostnamed[14613]: Warning: nss-myhostname is not installed. Changing the local hostname might make it unresolveable. Please install nss-myhostname!
[27780.525186] i915 0000:00:02.0: BAR 6: [??? 0x00000000 flags 0x2] has bogus alignment
[27780.525383] i915 0000:00:02.0: BAR 6: [??? 0x00000000 flags 0x2] has bogus alignment
[27780.525529] i915 0000:00:02.0: BAR 6: [??? 0x00000000 flags 0x2] has bogus alignment
[27780.525584] i915 0000:00:02.0: BAR 6: [??? 0x00000000 flags 0x2] has bogus alignment
[27780.525711] i915 0000:00:02.0: BAR 6: [??? 0x00000000 flags 0x2] has bogus alignment
[27780.526038] i915 0000:00:02.0: BAR 6: [??? 0x00000000 flags 0x2] has bogus alignment
[27780.526946] i915 0000:00:02.0: BAR 6: [??? 0x00000000 flags 0x2] has bogus alignment
[27780.527051] i915 0000:00:02.0: BAR 6: [??? 0x00000000 flags 0x2] has bogus alignment
[27780.527147] i915 0000:00:02.0: BAR 6: [??? 0x00000000 flags 0x2] has bogus alignment
[27780.527175] i915 0000:00:02.0: BAR 6: [??? 0x00000000 flags 0x2] has bogus alignment
[27780.527270] i915 0000:00:02.0: BAR 6: [??? 0x00000000 flags 0x2] has bogus alignment
[27780.527601] i915 0000:00:02.0: BAR 6: [??? 0x00000000 flags 0x2] has bogus alignment
[28654.386854] i915 0000:00:02.0: BAR 6: [??? 0x00000000 flags 0x2] has bogus alignment
[28654.386976] i915 0000:00:02.0: BAR 6: [??? 0x00000000 flags 0x2] has bogus alignment
[28654.387061] i915 0000:00:02.0: BAR 6: [??? 0x00000000 flags 0x2] has bogus alignment
[28654.387084] i915 0000:00:02.0: BAR 6: [??? 0x00000000 flags 0x2] has bogus alignment
[28654.387161] i915 0000:00:02.0: BAR 6: [??? 0x00000000 flags 0x2] has bogus alignment
[28654.387383] i915 0000:00:02.0: BAR 6: [??? 0x00000000 flags 0x2] has bogus alignment
[28654.387993] i915 0000:00:02.0: BAR 6: [??? 0x00000000 flags 0x2] has bogus alignment
[28654.388065] i915 0000:00:02.0: BAR 6: [??? 0x00000000 flags 0x2] has bogus alignment
[28654.388133] i915 0000:00:02.0: BAR 6: [??? 0x00000000 flags 0x2] has bogus alignment
[28654.388153] i915 0000:00:02.0: BAR 6: [??? 0x00000000 flags 0x2] has bogus alignment
[28654.388219] i915 0000:00:02.0: BAR 6: [??? 0x00000000 flags 0x2] has bogus alignment
[28654.388430] i915 0000:00:02.0: BAR 6: [??? 0x00000000 flags 0x2] has bogus alignment
[28654.882464] r8169 0000:09:00.0 eth0: link down
[28689.195875] r8169 0000:09:00.0 eth0: link up
[28689.565759] r8169 0000:09:00.0 eth0: link down
[28691.170251] r8169 0000:09:00.0 eth0: link up
[28691.330531] r8169 0000:09:00.0 eth0: link down
[28696.598252] r8169 0000:09:00.0 eth0: link up
[28989.978325] i915 0000:00:02.0: BAR 6: [??? 0x00000000 flags 0x2] has bogus alignment
[28989.978373] i915 0000:00:02.0: BAR 6: [??? 0x00000000 flags 0x2] has bogus alignment
[28989.978411] i915 0000:00:02.0: BAR 6: [??? 0x00000000 flags 0x2] has bogus alignment
[28989.978422] i915 0000:00:02.0: BAR 6: [??? 0x00000000 flags 0x2] has bogus alignment
[28989.978457] i915 0000:00:02.0: BAR 6: [??? 0x00000000 flags 0x2] has bogus alignment
[28989.978574] i915 0000:00:02.0: BAR 6: [??? 0x00000000 flags 0x2] has bogus alignment
[28989.978892] i915 0000:00:02.0: BAR 6: [??? 0x00000000 flags 0x2] has bogus alignment
[28989.978928] i915 0000:00:02.0: BAR 6: [??? 0x00000000 flags 0x2] has bogus alignment
[28989.978960] i915 0000:00:02.0: BAR 6: [??? 0x00000000 flags 0x2] has bogus alignment
[28989.978971] i915 0000:00:02.0: BAR 6: [??? 0x00000000 flags 0x2] has bogus alignment
[28989.979002] i915 0000:00:02.0: BAR 6: [??? 0x00000000 flags 0x2] has bogus alignment
[28989.979104] i915 0000:00:02.0: BAR 6: [??? 0x00000000 flags 0x2] has bogus alignment
[30784.224753] PM: Syncing filesystems ... done.
[30784.324228] PM: Preparing system for mem sleep
[30784.324370] Freezing user space processes ... (elapsed 0.001 seconds) done.
[30784.326073] Freezing remaining freezable tasks ... (elapsed 0.001 seconds) done.
[30784.327211] PM: Entering mem sleep
[30784.327225] Suspending console(s) (use no_console_suspend to debug)
[30784.327606] sd 0:0:0:0: [sda] Synchronizing SCSI cache
[30784.327731] sd 0:0:0:0: [sda] Stopping disk
[30784.374000] i8042 aux 00:03: System wakeup disabled by ACPI
[30784.374017] i8042 kbd 00:02: System wakeup enabled by ACPI
[30784.947703] nouveau E[   PIBUS][0000:0a:00.0] HUB0: 0x6013d4 0x00005700 (0x1b70822c)
[30784.947711] nouveau E[   PIBUS][0000:0a:00.0] GPC0: 0x4188ac 0x00000001 (0x1e70822e)
[30785.000845] nouveau  [     DRM] evicting buffers...
[30785.000846] nouveau  [     DRM] waiting for kernel channels to go idle...
[30785.000878] nouveau  [     DRM] suspending client object trees...
